------------------------------------------------------------
Timing Analyzer Summary
------------------------------------------------------------

Type  : Slow 1200mV 85C Model Setup 'qsys_u0|altpll|sd1|pll7|clk[1]'
Slack : 16.434
TNS   : 0.000

Type  : Slow 1200mV 85C Model Hold 'qsys_u0|altpll|sd1|pll7|clk[1]'
Slack : 0.347
TNS   : 0.000

Type  : Slow 1200mV 85C Model Recovery 'qsys_u0|altpll|sd1|pll7|clk[1]'
Slack : 18.070
TNS   : 0.000

Type  : Slow 1200mV 85C Model Removal 'qsys_u0|altpll|sd1|pll7|clk[1]'
Slack : 0.972
TNS   : 0.000

Type  : Slow 1200mV 85C Model Minimum Pulse Width 'qsys_u0|altpll|sd1|pll7|clk[1]'
Slack : 9.730
TNS   : 0.000

Type  : Slow 1200mV 85C Model Minimum Pulse Width 'MMAX10_CLK1_50'
Slack : 9.858
TNS   : 0.000

Type  : Slow 1200mV 85C Model Minimum Pulse Width 'qsys_u0|altpll|sd1|pll7|clk[0]'
Slack : 44.575
TNS   : 0.000

Type  : Slow 1200mV 0C Model Setup 'qsys_u0|altpll|sd1|pll7|clk[1]'
Slack : 16.708
TNS   : 0.000

Type  : Slow 1200mV 0C Model Hold 'qsys_u0|altpll|sd1|pll7|clk[1]'
Slack : 0.311
TNS   : 0.000

Type  : Slow 1200mV 0C Model Recovery 'qsys_u0|altpll|sd1|pll7|clk[1]'
Slack : 18.212
TNS   : 0.000

Type  : Slow 1200mV 0C Model Removal 'qsys_u0|altpll|sd1|pll7|clk[1]'
Slack : 0.864
TNS   : 0.000

Type  : Slow 1200mV 0C Model Minimum Pulse Width 'qsys_u0|altpll|sd1|pll7|clk[1]'
Slack : 9.705
TNS   : 0.000

Type  : Slow 1200mV 0C Model Minimum Pulse Width 'MMAX10_CLK1_50'
Slack : 9.804
TNS   : 0.000

Type  : Slow 1200mV 0C Model Minimum Pulse Width 'qsys_u0|altpll|sd1|pll7|clk[0]'
Slack : 44.631
TNS   : 0.000

Type  : Fast 1200mV 0C Model Setup 'qsys_u0|altpll|sd1|pll7|clk[1]'
Slack : 18.517
TNS   : 0.000

Type  : Fast 1200mV 0C Model Hold 'qsys_u0|altpll|sd1|pll7|clk[1]'
Slack : 0.152
TNS   : 0.000

Type  : Fast 1200mV 0C Model Recovery 'qsys_u0|altpll|sd1|pll7|clk[1]'
Slack : 19.086
TNS   : 0.000

Type  : Fast 1200mV 0C Model Removal 'qsys_u0|altpll|sd1|pll7|clk[1]'
Slack : 0.411
TNS   : 0.000

Type  : Fast 1200mV 0C Model Minimum Pulse Width 'MMAX10_CLK1_50'
Slack : 9.662
TNS   : 0.000

Type  : Fast 1200mV 0C Model Minimum Pulse Width 'qsys_u0|altpll|sd1|pll7|clk[1]'
Slack : 9.751
TNS   : 0.000

Type  : Fast 1200mV 0C Model Minimum Pulse Width 'qsys_u0|altpll|sd1|pll7|clk[0]'
Slack : 44.903
TNS   : 0.000

------------------------------------------------------------
