------------------------------------------------------------
Timing Analyzer Summary
------------------------------------------------------------

Type  : Slow 1200mV 85C Model Setup 'Clock'
Slack : -14.633
TNS   : -523.429

Type  : Slow 1200mV 85C Model Setup 'Alarme:inst45|DivHorloge_enable:DIVENA|74390:inst|3'
Slack : -5.594
TNS   : -6.346

Type  : Slow 1200mV 85C Model Setup 'DivHorloge:inst3|7490:inst10|19'
Slack : -5.121
TNS   : -38.246

Type  : Slow 1200mV 85C Model Setup '74390:inst32|3'
Slack : -3.387
TNS   : -3.883

Type  : Slow 1200mV 85C Model Setup 'DivHorloge:inst3|74390:inst|3'
Slack : -3.347
TNS   : -4.141

Type  : Slow 1200mV 85C Model Setup '7490:inst35|19'
Slack : -2.571
TNS   : -5.136

Type  : Slow 1200mV 85C Model Setup 'DivHorloge:inst3|7490:inst8|7'
Slack : -1.653
TNS   : -1.653

Type  : Slow 1200mV 85C Model Setup 'DivHorloge:inst3|74390:inst5|31'
Slack : -1.581
TNS   : -2.062

Type  : Slow 1200mV 85C Model Setup '7490:inst37|19'
Slack : -1.387
TNS   : -1.700

Type  : Slow 1200mV 85C Model Setup '74390:inst33|34'
Slack : -1.377
TNS   : -1.736

Type  : Slow 1200mV 85C Model Setup '74390:inst33|31'
Slack : -1.298
TNS   : -1.737

Type  : Slow 1200mV 85C Model Setup 'DivHorloge:inst3|74390:inst5|34'
Slack : -1.264
TNS   : -1.815

Type  : Slow 1200mV 85C Model Setup 'Alarme:inst45|DivHorloge_enable:DIVENA|74390:inst5|34'
Slack : -1.141
TNS   : -1.660

Type  : Slow 1200mV 85C Model Setup 'DivHorloge:inst3|74390:inst|31'
Slack : -0.968
TNS   : -1.252

Type  : Slow 1200mV 85C Model Setup 'Alarme:inst45|DivHorloge_enable:DIVENA|74390:inst5|31'
Slack : -0.847
TNS   : -1.301

Type  : Slow 1200mV 85C Model Setup 'Alarme:inst45|DivHorloge_enable:DIVENA|74390:inst|7'
Slack : -0.845
TNS   : -1.262

Type  : Slow 1200mV 85C Model Setup '74390:inst13|31'
Slack : -0.828
TNS   : -1.420

Type  : Slow 1200mV 85C Model Setup '74390:inst33|3'
Slack : -0.804
TNS   : -1.471

Type  : Slow 1200mV 85C Model Setup 'Alarme:inst45|DivHorloge_enable:DIVENA|74390:inst3|7'
Slack : -0.747
TNS   : -0.747

Type  : Slow 1200mV 85C Model Setup 'DivHorloge:inst3|74390:inst3|34'
Slack : -0.744
TNS   : -1.056

Type  : Slow 1200mV 85C Model Setup 'Alarme:inst45|DivHorloge_enable:DIVENA|74390:inst3|3'
Slack : -0.727
TNS   : -1.240

Type  : Slow 1200mV 85C Model Setup 'DivHorloge:inst3|74390:inst3|31'
Slack : -0.717
TNS   : -1.344

Type  : Slow 1200mV 85C Model Setup 'DivHorloge:inst3|74390:inst|7'
Slack : -0.698
TNS   : -1.011

Type  : Slow 1200mV 85C Model Setup 'DivHorloge:inst3|74390:inst3|3'
Slack : -0.672
TNS   : -1.200

Type  : Slow 1200mV 85C Model Setup '74390:inst32|34'
Slack : -0.661
TNS   : -1.183

Type  : Slow 1200mV 85C Model Setup 'Alarme:inst45|DivHorloge_enable:DIVENA|74390:inst|31'
Slack : -0.656
TNS   : -1.159

Type  : Slow 1200mV 85C Model Setup 'Alarme:inst45|DivHorloge_enable:DIVENA|74390:inst5|7'
Slack : -0.648
TNS   : -0.867

Type  : Slow 1200mV 85C Model Setup 'DivHorloge:inst3|74390:inst5|3'
Slack : -0.640
TNS   : -1.172

Type  : Slow 1200mV 85C Model Setup 'Alarme:inst45|DivHorloge_enable:DIVENA|74390:inst5|3'
Slack : -0.639
TNS   : -1.204

Type  : Slow 1200mV 85C Model Setup '74390:inst13|7'
Slack : -0.627
TNS   : -0.771

Type  : Slow 1200mV 85C Model Setup '74390:inst32|31'
Slack : -0.580
TNS   : -1.108

Type  : Slow 1200mV 85C Model Setup 'DivHorloge:inst3|7490:inst8|19'
Slack : -0.580
TNS   : -0.580

Type  : Slow 1200mV 85C Model Setup '74390:inst33|7'
Slack : -0.563
TNS   : -0.915

Type  : Slow 1200mV 85C Model Setup 'Alarme:inst45|DivHorloge_enable:DIVENA|74390:inst3|31'
Slack : -0.552
TNS   : -1.045

Type  : Slow 1200mV 85C Model Setup 'Alarme:inst45|DivHorloge_enable:DIVENA|74390:inst3|34'
Slack : -0.546
TNS   : -0.546

Type  : Slow 1200mV 85C Model Setup 'DivHorloge:inst3|74390:inst5|7'
Slack : -0.535
TNS   : -1.070

Type  : Slow 1200mV 85C Model Setup '74390:inst13|34'
Slack : -0.533
TNS   : -0.901

Type  : Slow 1200mV 85C Model Setup '74390:inst32|7'
Slack : -0.532
TNS   : -0.880

Type  : Slow 1200mV 85C Model Setup 'Alarme:inst45|DivHorloge_enable:DIVENA|74390:inst|34'
Slack : -0.528
TNS   : -0.535

Type  : Slow 1200mV 85C Model Setup 'Alarme:inst45|DivHorloge_enable:DIVENA|7490:inst8|19'
Slack : -0.519
TNS   : -0.519

Type  : Slow 1200mV 85C Model Setup 'DivHorloge:inst3|74390:inst|34'
Slack : -0.513
TNS   : -0.957

Type  : Slow 1200mV 85C Model Setup '74390:inst13|3'
Slack : -0.498
TNS   : -0.906

Type  : Slow 1200mV 85C Model Setup 'DivHorloge:inst3|74390:inst3|7'
Slack : -0.411
TNS   : -0.691

Type  : Slow 1200mV 85C Model Setup 'Alarme:inst45|DivHorloge_enable:DIVENA|7490:inst8|7'
Slack : -0.004
TNS   : -0.004

Type  : Slow 1200mV 85C Model Setup '74390:inst13|33'
Slack : 0.298
TNS   : 0.000

Type  : Slow 1200mV 85C Model Setup '74390:inst13|6'
Slack : 0.298
TNS   : 0.000

Type  : Slow 1200mV 85C Model Setup '74390:inst32|33'
Slack : 0.298
TNS   : 0.000

Type  : Slow 1200mV 85C Model Setup '74390:inst32|6'
Slack : 0.298
TNS   : 0.000

Type  : Slow 1200mV 85C Model Setup '74390:inst33|33'
Slack : 0.298
TNS   : 0.000

Type  : Slow 1200mV 85C Model Setup '74390:inst33|6'
Slack : 0.298
TNS   : 0.000

Type  : Slow 1200mV 85C Model Setup 'Alarme:inst45|DivHorloge_enable:DIVENA|74390:inst3|33'
Slack : 0.298
TNS   : 0.000

Type  : Slow 1200mV 85C Model Setup 'Alarme:inst45|DivHorloge_enable:DIVENA|74390:inst3|6'
Slack : 0.298
TNS   : 0.000

Type  : Slow 1200mV 85C Model Setup 'Alarme:inst45|DivHorloge_enable:DIVENA|74390:inst5|33'
Slack : 0.298
TNS   : 0.000

Type  : Slow 1200mV 85C Model Setup 'Alarme:inst45|DivHorloge_enable:DIVENA|74390:inst5|6'
Slack : 0.298
TNS   : 0.000

Type  : Slow 1200mV 85C Model Setup 'Alarme:inst45|DivHorloge_enable:DIVENA|74390:inst|33'
Slack : 0.298
TNS   : 0.000

Type  : Slow 1200mV 85C Model Setup 'Alarme:inst45|DivHorloge_enable:DIVENA|74390:inst|6'
Slack : 0.298
TNS   : 0.000

Type  : Slow 1200mV 85C Model Setup 'D1'
Slack : 0.298
TNS   : 0.000

Type  : Slow 1200mV 85C Model Setup 'D2'
Slack : 0.298
TNS   : 0.000

Type  : Slow 1200mV 85C Model Setup 'D3'
Slack : 0.298
TNS   : 0.000

Type  : Slow 1200mV 85C Model Setup 'D4'
Slack : 0.298
TNS   : 0.000

Type  : Slow 1200mV 85C Model Setup 'D5'
Slack : 0.298
TNS   : 0.000

Type  : Slow 1200mV 85C Model Setup 'D6'
Slack : 0.298
TNS   : 0.000

Type  : Slow 1200mV 85C Model Setup 'D7'
Slack : 0.298
TNS   : 0.000

Type  : Slow 1200mV 85C Model Setup 'DivHorloge:inst3|74390:inst3|33'
Slack : 0.298
TNS   : 0.000

Type  : Slow 1200mV 85C Model Setup 'DivHorloge:inst3|74390:inst3|6'
Slack : 0.298
TNS   : 0.000

Type  : Slow 1200mV 85C Model Setup 'DivHorloge:inst3|74390:inst5|33'
Slack : 0.298
TNS   : 0.000

Type  : Slow 1200mV 85C Model Setup 'DivHorloge:inst3|74390:inst5|6'
Slack : 0.298
TNS   : 0.000

Type  : Slow 1200mV 85C Model Setup 'DivHorloge:inst3|74390:inst|33'
Slack : 0.298
TNS   : 0.000

Type  : Slow 1200mV 85C Model Setup 'DivHorloge:inst3|74390:inst|6'
Slack : 0.298
TNS   : 0.000

Type  : Slow 1200mV 85C Model Hold 'Alarme:inst45|DivHorloge_enable:DIVENA|74390:inst3|34'
Slack : 0.022
TNS   : 0.000

Type  : Slow 1200mV 85C Model Hold 'Alarme:inst45|DivHorloge_enable:DIVENA|74390:inst|34'
Slack : 0.101
TNS   : 0.000

Type  : Slow 1200mV 85C Model Hold 'Alarme:inst45|DivHorloge_enable:DIVENA|74390:inst3|7'
Slack : 0.176
TNS   : 0.000

Type  : Slow 1200mV 85C Model Hold '74390:inst13|7'
Slack : 0.242
TNS   : 0.000

Type  : Slow 1200mV 85C Model Hold '74390:inst13|34'
Slack : 0.296
TNS   : 0.000

Type  : Slow 1200mV 85C Model Hold 'Alarme:inst45|DivHorloge_enable:DIVENA|74390:inst5|7'
Slack : 0.309
TNS   : 0.000

Type  : Slow 1200mV 85C Model Hold 'DivHorloge:inst3|74390:inst3|7'
Slack : 0.327
TNS   : 0.000

Type  : Slow 1200mV 85C Model Hold 'DivHorloge:inst3|74390:inst3|34'
Slack : 0.337
TNS   : 0.000

Type  : Slow 1200mV 85C Model Hold '74390:inst33|34'
Slack : 0.339
TNS   : 0.000

Type  : Slow 1200mV 85C Model Hold 'Clock'
Slack : 0.341
TNS   : 0.000

Type  : Slow 1200mV 85C Model Hold 'DivHorloge:inst3|74390:inst5|34'
Slack : 0.341
TNS   : 0.000

Type  : Slow 1200mV 85C Model Hold '7490:inst37|19'
Slack : 0.342
TNS   : 0.000

Type  : Slow 1200mV 85C Model Hold 'Alarme:inst45|DivHorloge_enable:DIVENA|74390:inst5|34'
Slack : 0.348
TNS   : 0.000

Type  : Slow 1200mV 85C Model Hold 'Alarme:inst45|DivHorloge_enable:DIVENA|7490:inst8|7'
Slack : 0.348
TNS   : 0.000

Type  : Slow 1200mV 85C Model Hold 'DivHorloge:inst3|7490:inst10|19'
Slack : 0.348
TNS   : 0.000

Type  : Slow 1200mV 85C Model Hold 'DivHorloge:inst3|7490:inst8|7'
Slack : 0.349
TNS   : 0.000

Type  : Slow 1200mV 85C Model Hold 'DivHorloge:inst3|74390:inst5|7'
Slack : 0.370
TNS   : 0.000

Type  : Slow 1200mV 85C Model Hold '74390:inst32|7'
Slack : 0.371
TNS   : 0.000

Type  : Slow 1200mV 85C Model Hold '74390:inst13|33'
Slack : 0.393
TNS   : 0.000

Type  : Slow 1200mV 85C Model Hold '74390:inst13|6'
Slack : 0.393
TNS   : 0.000

Type  : Slow 1200mV 85C Model Hold '74390:inst32|33'
Slack : 0.393
TNS   : 0.000

Type  : Slow 1200mV 85C Model Hold '74390:inst32|6'
Slack : 0.393
TNS   : 0.000

Type  : Slow 1200mV 85C Model Hold '74390:inst33|33'
Slack : 0.393
TNS   : 0.000

Type  : Slow 1200mV 85C Model Hold '74390:inst33|6'
Slack : 0.393
TNS   : 0.000

Type  : Slow 1200mV 85C Model Hold 'Alarme:inst45|DivHorloge_enable:DIVENA|74390:inst3|33'
Slack : 0.393
TNS   : 0.000

Type  : Slow 1200mV 85C Model Hold 'Alarme:inst45|DivHorloge_enable:DIVENA|74390:inst3|6'
Slack : 0.393
TNS   : 0.000

Type  : Slow 1200mV 85C Model Hold 'Alarme:inst45|DivHorloge_enable:DIVENA|74390:inst5|33'
Slack : 0.393
TNS   : 0.000

Type  : Slow 1200mV 85C Model Hold 'Alarme:inst45|DivHorloge_enable:DIVENA|74390:inst5|6'
Slack : 0.393
TNS   : 0.000

Type  : Slow 1200mV 85C Model Hold 'Alarme:inst45|DivHorloge_enable:DIVENA|74390:inst|33'
Slack : 0.393
TNS   : 0.000

Type  : Slow 1200mV 85C Model Hold 'Alarme:inst45|DivHorloge_enable:DIVENA|74390:inst|6'
Slack : 0.393
TNS   : 0.000

Type  : Slow 1200mV 85C Model Hold 'D1'
Slack : 0.393
TNS   : 0.000

Type  : Slow 1200mV 85C Model Hold 'D2'
Slack : 0.393
TNS   : 0.000

Type  : Slow 1200mV 85C Model Hold 'D3'
Slack : 0.393
TNS   : 0.000

Type  : Slow 1200mV 85C Model Hold 'D4'
Slack : 0.393
TNS   : 0.000

Type  : Slow 1200mV 85C Model Hold 'D5'
Slack : 0.393
TNS   : 0.000

Type  : Slow 1200mV 85C Model Hold 'D6'
Slack : 0.393
TNS   : 0.000

Type  : Slow 1200mV 85C Model Hold 'D7'
Slack : 0.393
TNS   : 0.000

Type  : Slow 1200mV 85C Model Hold 'DivHorloge:inst3|74390:inst3|33'
Slack : 0.393
TNS   : 0.000

Type  : Slow 1200mV 85C Model Hold 'DivHorloge:inst3|74390:inst3|6'
Slack : 0.393
TNS   : 0.000

Type  : Slow 1200mV 85C Model Hold 'DivHorloge:inst3|74390:inst5|33'
Slack : 0.393
TNS   : 0.000

Type  : Slow 1200mV 85C Model Hold 'DivHorloge:inst3|74390:inst5|6'
Slack : 0.393
TNS   : 0.000

Type  : Slow 1200mV 85C Model Hold 'DivHorloge:inst3|74390:inst|33'
Slack : 0.393
TNS   : 0.000

Type  : Slow 1200mV 85C Model Hold 'DivHorloge:inst3|74390:inst|6'
Slack : 0.393
TNS   : 0.000

Type  : Slow 1200mV 85C Model Hold 'DivHorloge:inst3|74390:inst|31'
Slack : 0.429
TNS   : 0.000

Type  : Slow 1200mV 85C Model Hold '74390:inst13|3'
Slack : 0.434
TNS   : 0.000

Type  : Slow 1200mV 85C Model Hold '7490:inst35|19'
Slack : 0.448
TNS   : 0.000

Type  : Slow 1200mV 85C Model Hold 'Alarme:inst45|DivHorloge_enable:DIVENA|74390:inst|7'
Slack : 0.452
TNS   : 0.000

Type  : Slow 1200mV 85C Model Hold 'DivHorloge:inst3|74390:inst|7'
Slack : 0.453
TNS   : 0.000

Type  : Slow 1200mV 85C Model Hold '74390:inst33|31'
Slack : 0.456
TNS   : 0.000

Type  : Slow 1200mV 85C Model Hold '74390:inst33|7'
Slack : 0.467
TNS   : 0.000

Type  : Slow 1200mV 85C Model Hold '74390:inst32|34'
Slack : 0.470
TNS   : 0.000

Type  : Slow 1200mV 85C Model Hold 'DivHorloge:inst3|74390:inst|34'
Slack : 0.501
TNS   : 0.000

Type  : Slow 1200mV 85C Model Hold '74390:inst32|31'
Slack : 0.518
TNS   : 0.000

Type  : Slow 1200mV 85C Model Hold 'Alarme:inst45|DivHorloge_enable:DIVENA|7490:inst8|19'
Slack : 0.558
TNS   : 0.000

Type  : Slow 1200mV 85C Model Hold 'DivHorloge:inst3|74390:inst5|3'
Slack : 0.584
TNS   : 0.000

Type  : Slow 1200mV 85C Model Hold 'DivHorloge:inst3|7490:inst8|19'
Slack : 0.606
TNS   : 0.000

Type  : Slow 1200mV 85C Model Hold 'DivHorloge:inst3|74390:inst3|3'
Slack : 0.643
TNS   : 0.000

Type  : Slow 1200mV 85C Model Hold 'Alarme:inst45|DivHorloge_enable:DIVENA|74390:inst5|31'
Slack : 0.645
TNS   : 0.000

Type  : Slow 1200mV 85C Model Hold 'DivHorloge:inst3|74390:inst3|31'
Slack : 0.646
TNS   : 0.000

Type  : Slow 1200mV 85C Model Hold '74390:inst13|31'
Slack : 0.652
TNS   : 0.000

Type  : Slow 1200mV 85C Model Hold 'Alarme:inst45|DivHorloge_enable:DIVENA|74390:inst5|3'
Slack : 0.657
TNS   : 0.000

Type  : Slow 1200mV 85C Model Hold 'Alarme:inst45|DivHorloge_enable:DIVENA|74390:inst|31'
Slack : 0.658
TNS   : 0.000

Type  : Slow 1200mV 85C Model Hold '74390:inst32|3'
Slack : 0.663
TNS   : 0.000

Type  : Slow 1200mV 85C Model Hold 'DivHorloge:inst3|74390:inst5|31'
Slack : 0.666
TNS   : 0.000

Type  : Slow 1200mV 85C Model Hold 'Alarme:inst45|DivHorloge_enable:DIVENA|74390:inst3|31'
Slack : 0.679
TNS   : 0.000

Type  : Slow 1200mV 85C Model Hold 'Alarme:inst45|DivHorloge_enable:DIVENA|74390:inst3|3'
Slack : 0.738
TNS   : 0.000

Type  : Slow 1200mV 85C Model Hold '74390:inst33|3'
Slack : 0.779
TNS   : 0.000

Type  : Slow 1200mV 85C Model Hold 'DivHorloge:inst3|74390:inst|3'
Slack : 0.810
TNS   : 0.000

Type  : Slow 1200mV 85C Model Hold 'Alarme:inst45|DivHorloge_enable:DIVENA|74390:inst|3'
Slack : 0.815
TNS   : 0.000

Type  : Slow 1200mV 85C Model Recovery 'D4'
Slack : -0.383
TNS   : -0.383

Type  : Slow 1200mV 85C Model Recovery 'D5'
Slack : -0.339
TNS   : -0.339

Type  : Slow 1200mV 85C Model Recovery 'D1'
Slack : -0.322
TNS   : -0.322

Type  : Slow 1200mV 85C Model Recovery 'D6'
Slack : -0.277
TNS   : -0.277

Type  : Slow 1200mV 85C Model Recovery 'D7'
Slack : -0.251
TNS   : -0.251

Type  : Slow 1200mV 85C Model Recovery 'D2'
Slack : -0.182
TNS   : -0.182

Type  : Slow 1200mV 85C Model Recovery 'D3'
Slack : -0.122
TNS   : -0.122

Type  : Slow 1200mV 85C Model Removal 'D3'
Slack : 0.482
TNS   : 0.000

Type  : Slow 1200mV 85C Model Removal 'D2'
Slack : 0.519
TNS   : 0.000

Type  : Slow 1200mV 85C Model Removal 'D7'
Slack : 0.607
TNS   : 0.000

Type  : Slow 1200mV 85C Model Removal 'D1'
Slack : 0.625
TNS   : 0.000

Type  : Slow 1200mV 85C Model Removal 'D6'
Slack : 0.634
TNS   : 0.000

Type  : Slow 1200mV 85C Model Removal 'D5'
Slack : 0.706
TNS   : 0.000

Type  : Slow 1200mV 85C Model Removal 'D4'
Slack : 0.744
TNS   : 0.000

Type  : Slow 1200mV 85C Model Minimum Pulse Width 'Clock'
Slack : -3.000
TNS   : -268.167

Type  : Slow 1200mV 85C Model Minimum Pulse Width 'D1'
Slack : -3.000
TNS   : -4.403

Type  : Slow 1200mV 85C Model Minimum Pulse Width 'D2'
Slack : -3.000
TNS   : -4.403

Type  : Slow 1200mV 85C Model Minimum Pulse Width 'D3'
Slack : -3.000
TNS   : -4.403

Type  : Slow 1200mV 85C Model Minimum Pulse Width 'D4'
Slack : -3.000
TNS   : -4.403

Type  : Slow 1200mV 85C Model Minimum Pulse Width 'D5'
Slack : -3.000
TNS   : -4.403

Type  : Slow 1200mV 85C Model Minimum Pulse Width 'D6'
Slack : -3.000
TNS   : -4.403

Type  : Slow 1200mV 85C Model Minimum Pulse Width 'D7'
Slack : -3.000
TNS   : -4.403

Type  : Slow 1200mV 85C Model Minimum Pulse Width 'DivHorloge:inst3|7490:inst10|19'
Slack : -1.403
TNS   : -11.224

Type  : Slow 1200mV 85C Model Minimum Pulse Width '74390:inst33|34'
Slack : -1.403
TNS   : -4.209

Type  : Slow 1200mV 85C Model Minimum Pulse Width '7490:inst37|19'
Slack : -1.403
TNS   : -4.209

Type  : Slow 1200mV 85C Model Minimum Pulse Width 'Alarme:inst45|DivHorloge_enable:DIVENA|74390:inst5|34'
Slack : -1.403
TNS   : -4.209

Type  : Slow 1200mV 85C Model Minimum Pulse Width 'Alarme:inst45|DivHorloge_enable:DIVENA|7490:inst8|7'
Slack : -1.403
TNS   : -4.209

Type  : Slow 1200mV 85C Model Minimum Pulse Width 'DivHorloge:inst3|74390:inst5|34'
Slack : -1.403
TNS   : -4.209

Type  : Slow 1200mV 85C Model Minimum Pulse Width 'DivHorloge:inst3|7490:inst8|7'
Slack : -1.403
TNS   : -4.209

Type  : Slow 1200mV 85C Model Minimum Pulse Width '74390:inst13|3'
Slack : -1.403
TNS   : -2.806

Type  : Slow 1200mV 85C Model Minimum Pulse Width '74390:inst13|31'
Slack : -1.403
TNS   : -2.806

Type  : Slow 1200mV 85C Model Minimum Pulse Width '74390:inst13|34'
Slack : -1.403
TNS   : -2.806

Type  : Slow 1200mV 85C Model Minimum Pulse Width '74390:inst13|7'
Slack : -1.403
TNS   : -2.806

Type  : Slow 1200mV 85C Model Minimum Pulse Width '74390:inst32|3'
Slack : -1.403
TNS   : -2.806

Type  : Slow 1200mV 85C Model Minimum Pulse Width '74390:inst32|31'
Slack : -1.403
TNS   : -2.806

Type  : Slow 1200mV 85C Model Minimum Pulse Width '74390:inst32|34'
Slack : -1.403
TNS   : -2.806

Type  : Slow 1200mV 85C Model Minimum Pulse Width '74390:inst32|7'
Slack : -1.403
TNS   : -2.806

Type  : Slow 1200mV 85C Model Minimum Pulse Width '74390:inst33|3'
Slack : -1.403
TNS   : -2.806

Type  : Slow 1200mV 85C Model Minimum Pulse Width '74390:inst33|31'
Slack : -1.403
TNS   : -2.806

Type  : Slow 1200mV 85C Model Minimum Pulse Width '74390:inst33|7'
Slack : -1.403
TNS   : -2.806

Type  : Slow 1200mV 85C Model Minimum Pulse Width '7490:inst35|19'
Slack : -1.403
TNS   : -2.806

Type  : Slow 1200mV 85C Model Minimum Pulse Width 'Alarme:inst45|DivHorloge_enable:DIVENA|74390:inst3|3'
Slack : -1.403
TNS   : -2.806

Type  : Slow 1200mV 85C Model Minimum Pulse Width 'Alarme:inst45|DivHorloge_enable:DIVENA|74390:inst3|31'
Slack : -1.403
TNS   : -2.806

Type  : Slow 1200mV 85C Model Minimum Pulse Width 'Alarme:inst45|DivHorloge_enable:DIVENA|74390:inst3|34'
Slack : -1.403
TNS   : -2.806

Type  : Slow 1200mV 85C Model Minimum Pulse Width 'Alarme:inst45|DivHorloge_enable:DIVENA|74390:inst3|7'
Slack : -1.403
TNS   : -2.806

Type  : Slow 1200mV 85C Model Minimum Pulse Width 'Alarme:inst45|DivHorloge_enable:DIVENA|74390:inst5|3'
Slack : -1.403
TNS   : -2.806

Type  : Slow 1200mV 85C Model Minimum Pulse Width 'Alarme:inst45|DivHorloge_enable:DIVENA|74390:inst5|31'
Slack : -1.403
TNS   : -2.806

Type  : Slow 1200mV 85C Model Minimum Pulse Width 'Alarme:inst45|DivHorloge_enable:DIVENA|74390:inst5|7'
Slack : -1.403
TNS   : -2.806

Type  : Slow 1200mV 85C Model Minimum Pulse Width 'Alarme:inst45|DivHorloge_enable:DIVENA|74390:inst|3'
Slack : -1.403
TNS   : -2.806

Type  : Slow 1200mV 85C Model Minimum Pulse Width 'Alarme:inst45|DivHorloge_enable:DIVENA|74390:inst|31'
Slack : -1.403
TNS   : -2.806

Type  : Slow 1200mV 85C Model Minimum Pulse Width 'Alarme:inst45|DivHorloge_enable:DIVENA|74390:inst|34'
Slack : -1.403
TNS   : -2.806

Type  : Slow 1200mV 85C Model Minimum Pulse Width 'Alarme:inst45|DivHorloge_enable:DIVENA|74390:inst|7'
Slack : -1.403
TNS   : -2.806

Type  : Slow 1200mV 85C Model Minimum Pulse Width 'DivHorloge:inst3|74390:inst3|3'
Slack : -1.403
TNS   : -2.806

Type  : Slow 1200mV 85C Model Minimum Pulse Width 'DivHorloge:inst3|74390:inst3|31'
Slack : -1.403
TNS   : -2.806

Type  : Slow 1200mV 85C Model Minimum Pulse Width 'DivHorloge:inst3|74390:inst3|34'
Slack : -1.403
TNS   : -2.806

Type  : Slow 1200mV 85C Model Minimum Pulse Width 'DivHorloge:inst3|74390:inst3|7'
Slack : -1.403
TNS   : -2.806

Type  : Slow 1200mV 85C Model Minimum Pulse Width 'DivHorloge:inst3|74390:inst5|3'
Slack : -1.403
TNS   : -2.806

Type  : Slow 1200mV 85C Model Minimum Pulse Width 'DivHorloge:inst3|74390:inst5|31'
Slack : -1.403
TNS   : -2.806

Type  : Slow 1200mV 85C Model Minimum Pulse Width 'DivHorloge:inst3|74390:inst5|7'
Slack : -1.403
TNS   : -2.806

Type  : Slow 1200mV 85C Model Minimum Pulse Width 'DivHorloge:inst3|74390:inst|3'
Slack : -1.403
TNS   : -2.806

Type  : Slow 1200mV 85C Model Minimum Pulse Width 'DivHorloge:inst3|74390:inst|31'
Slack : -1.403
TNS   : -2.806

Type  : Slow 1200mV 85C Model Minimum Pulse Width 'DivHorloge:inst3|74390:inst|34'
Slack : -1.403
TNS   : -2.806

Type  : Slow 1200mV 85C Model Minimum Pulse Width 'DivHorloge:inst3|74390:inst|7'
Slack : -1.403
TNS   : -2.806

Type  : Slow 1200mV 85C Model Minimum Pulse Width '74390:inst13|33'
Slack : -1.403
TNS   : -1.403

Type  : Slow 1200mV 85C Model Minimum Pulse Width '74390:inst13|6'
Slack : -1.403
TNS   : -1.403

Type  : Slow 1200mV 85C Model Minimum Pulse Width '74390:inst32|33'
Slack : -1.403
TNS   : -1.403

Type  : Slow 1200mV 85C Model Minimum Pulse Width '74390:inst32|6'
Slack : -1.403
TNS   : -1.403

Type  : Slow 1200mV 85C Model Minimum Pulse Width '74390:inst33|33'
Slack : -1.403
TNS   : -1.403

Type  : Slow 1200mV 85C Model Minimum Pulse Width '74390:inst33|6'
Slack : -1.403
TNS   : -1.403

Type  : Slow 1200mV 85C Model Minimum Pulse Width 'Alarme:inst45|DivHorloge_enable:DIVENA|74390:inst3|33'
Slack : -1.403
TNS   : -1.403

Type  : Slow 1200mV 85C Model Minimum Pulse Width 'Alarme:inst45|DivHorloge_enable:DIVENA|74390:inst3|6'
Slack : -1.403
TNS   : -1.403

Type  : Slow 1200mV 85C Model Minimum Pulse Width 'Alarme:inst45|DivHorloge_enable:DIVENA|74390:inst5|33'
Slack : -1.403
TNS   : -1.403

Type  : Slow 1200mV 85C Model Minimum Pulse Width 'Alarme:inst45|DivHorloge_enable:DIVENA|74390:inst5|6'
Slack : -1.403
TNS   : -1.403

Type  : Slow 1200mV 85C Model Minimum Pulse Width 'Alarme:inst45|DivHorloge_enable:DIVENA|74390:inst|33'
Slack : -1.403
TNS   : -1.403

Type  : Slow 1200mV 85C Model Minimum Pulse Width 'Alarme:inst45|DivHorloge_enable:DIVENA|74390:inst|6'
Slack : -1.403
TNS   : -1.403

Type  : Slow 1200mV 85C Model Minimum Pulse Width 'Alarme:inst45|DivHorloge_enable:DIVENA|7490:inst8|19'
Slack : -1.403
TNS   : -1.403

Type  : Slow 1200mV 85C Model Minimum Pulse Width 'DivHorloge:inst3|74390:inst3|33'
Slack : -1.403
TNS   : -1.403

Type  : Slow 1200mV 85C Model Minimum Pulse Width 'DivHorloge:inst3|74390:inst3|6'
Slack : -1.403
TNS   : -1.403

Type  : Slow 1200mV 85C Model Minimum Pulse Width 'DivHorloge:inst3|74390:inst5|33'
Slack : -1.403
TNS   : -1.403

Type  : Slow 1200mV 85C Model Minimum Pulse Width 'DivHorloge:inst3|74390:inst5|6'
Slack : -1.403
TNS   : -1.403

Type  : Slow 1200mV 85C Model Minimum Pulse Width 'DivHorloge:inst3|74390:inst|33'
Slack : -1.403
TNS   : -1.403

Type  : Slow 1200mV 85C Model Minimum Pulse Width 'DivHorloge:inst3|74390:inst|6'
Slack : -1.403
TNS   : -1.403

Type  : Slow 1200mV 85C Model Minimum Pulse Width 'DivHorloge:inst3|7490:inst8|19'
Slack : -1.403
TNS   : -1.403

Type  : Slow 1200mV 0C Model Setup 'Clock'
Slack : -13.247
TNS   : -465.849

Type  : Slow 1200mV 0C Model Setup 'Alarme:inst45|DivHorloge_enable:DIVENA|74390:inst|3'
Slack : -5.083
TNS   : -5.742

Type  : Slow 1200mV 0C Model Setup 'DivHorloge:inst3|7490:inst10|19'
Slack : -4.679
TNS   : -34.833

Type  : Slow 1200mV 0C Model Setup '74390:inst32|3'
Slack : -3.007
TNS   : -3.447

Type  : Slow 1200mV 0C Model Setup 'DivHorloge:inst3|74390:inst|3'
Slack : -2.984
TNS   : -3.688

Type  : Slow 1200mV 0C Model Setup '7490:inst35|19'
Slack : -2.250
TNS   : -4.498

Type  : Slow 1200mV 0C Model Setup 'DivHorloge:inst3|7490:inst8|7'
Slack : -1.543
TNS   : -1.543

Type  : Slow 1200mV 0C Model Setup 'DivHorloge:inst3|74390:inst5|31'
Slack : -1.408
TNS   : -1.816

Type  : Slow 1200mV 0C Model Setup '74390:inst33|34'
Slack : -1.316
TNS   : -1.534

Type  : Slow 1200mV 0C Model Setup '7490:inst37|19'
Slack : -1.294
TNS   : -1.449

Type  : Slow 1200mV 0C Model Setup '74390:inst33|31'
Slack : -1.128
TNS   : -1.509

Type  : Slow 1200mV 0C Model Setup 'DivHorloge:inst3|74390:inst5|34'
Slack : -1.118
TNS   : -1.433

Type  : Slow 1200mV 0C Model Setup 'Alarme:inst45|DivHorloge_enable:DIVENA|74390:inst5|34'
Slack : -0.998
TNS   : -1.287

Type  : Slow 1200mV 0C Model Setup 'DivHorloge:inst3|74390:inst|31'
Slack : -0.837
TNS   : -1.076

Type  : Slow 1200mV 0C Model Setup 'Alarme:inst45|DivHorloge_enable:DIVENA|74390:inst5|31'
Slack : -0.713
TNS   : -1.097

Type  : Slow 1200mV 0C Model Setup '74390:inst13|31'
Slack : -0.696
TNS   : -1.207

Type  : Slow 1200mV 0C Model Setup '74390:inst33|3'
Slack : -0.668
TNS   : -1.246

Type  : Slow 1200mV 0C Model Setup 'Alarme:inst45|DivHorloge_enable:DIVENA|74390:inst|7'
Slack : -0.662
TNS   : -1.006

Type  : Slow 1200mV 0C Model Setup 'Alarme:inst45|DivHorloge_enable:DIVENA|74390:inst3|7'
Slack : -0.620
TNS   : -0.620

Type  : Slow 1200mV 0C Model Setup 'DivHorloge:inst3|74390:inst3|34'
Slack : -0.605
TNS   : -0.838

Type  : Slow 1200mV 0C Model Setup 'Alarme:inst45|DivHorloge_enable:DIVENA|74390:inst3|3'
Slack : -0.603
TNS   : -1.055

Type  : Slow 1200mV 0C Model Setup 'DivHorloge:inst3|74390:inst3|31'
Slack : -0.599
TNS   : -1.159

Type  : Slow 1200mV 0C Model Setup 'Alarme:inst45|DivHorloge_enable:DIVENA|74390:inst5|7'
Slack : -0.586
TNS   : -0.774

Type  : Slow 1200mV 0C Model Setup 'DivHorloge:inst3|74390:inst|7'
Slack : -0.569
TNS   : -0.822

Type  : Slow 1200mV 0C Model Setup 'DivHorloge:inst3|74390:inst3|3'
Slack : -0.551
TNS   : -1.010

Type  : Slow 1200mV 0C Model Setup 'Alarme:inst45|DivHorloge_enable:DIVENA|74390:inst|31'
Slack : -0.544
TNS   : -0.978

Type  : Slow 1200mV 0C Model Setup 'DivHorloge:inst3|74390:inst5|3'
Slack : -0.540
TNS   : -1.001

Type  : Slow 1200mV 0C Model Setup 'Alarme:inst45|DivHorloge_enable:DIVENA|74390:inst5|3'
Slack : -0.519
TNS   : -1.006

Type  : Slow 1200mV 0C Model Setup '74390:inst32|34'
Slack : -0.516
TNS   : -0.956

Type  : Slow 1200mV 0C Model Setup '74390:inst33|7'
Slack : -0.506
TNS   : -0.809

Type  : Slow 1200mV 0C Model Setup 'DivHorloge:inst3|7490:inst8|19'
Slack : -0.506
TNS   : -0.506

Type  : Slow 1200mV 0C Model Setup 'DivHorloge:inst3|74390:inst5|7'
Slack : -0.494
TNS   : -0.967

Type  : Slow 1200mV 0C Model Setup 'Alarme:inst45|DivHorloge_enable:DIVENA|74390:inst3|34'
Slack : -0.491
TNS   : -0.491

Type  : Slow 1200mV 0C Model Setup '74390:inst13|7'
Slack : -0.484
TNS   : -0.586

Type  : Slow 1200mV 0C Model Setup 'DivHorloge:inst3|74390:inst|34'
Slack : -0.477
TNS   : -0.864

Type  : Slow 1200mV 0C Model Setup 'Alarme:inst45|DivHorloge_enable:DIVENA|74390:inst|34'
Slack : -0.477
TNS   : -0.477

Type  : Slow 1200mV 0C Model Setup '74390:inst32|31'
Slack : -0.472
TNS   : -0.942

Type  : Slow 1200mV 0C Model Setup '74390:inst13|34'
Slack : -0.457
TNS   : -0.785

Type  : Slow 1200mV 0C Model Setup 'Alarme:inst45|DivHorloge_enable:DIVENA|74390:inst3|31'
Slack : -0.451
TNS   : -0.881

Type  : Slow 1200mV 0C Model Setup 'Alarme:inst45|DivHorloge_enable:DIVENA|7490:inst8|19'
Slack : -0.446
TNS   : -0.446

Type  : Slow 1200mV 0C Model Setup '74390:inst32|7'
Slack : -0.431
TNS   : -0.691

Type  : Slow 1200mV 0C Model Setup '74390:inst13|3'
Slack : -0.426
TNS   : -0.746

Type  : Slow 1200mV 0C Model Setup 'DivHorloge:inst3|74390:inst3|7'
Slack : -0.375
TNS   : -0.607

Type  : Slow 1200mV 0C Model Setup 'Alarme:inst45|DivHorloge_enable:DIVENA|7490:inst8|7'
Slack : 0.084
TNS   : 0.000

Type  : Slow 1200mV 0C Model Setup '74390:inst13|33'
Slack : 0.361
TNS   : 0.000

Type  : Slow 1200mV 0C Model Setup '74390:inst13|6'
Slack : 0.361
TNS   : 0.000

Type  : Slow 1200mV 0C Model Setup '74390:inst32|33'
Slack : 0.361
TNS   : 0.000

Type  : Slow 1200mV 0C Model Setup '74390:inst32|6'
Slack : 0.361
TNS   : 0.000

Type  : Slow 1200mV 0C Model Setup '74390:inst33|33'
Slack : 0.361
TNS   : 0.000

Type  : Slow 1200mV 0C Model Setup '74390:inst33|6'
Slack : 0.361
TNS   : 0.000

Type  : Slow 1200mV 0C Model Setup 'Alarme:inst45|DivHorloge_enable:DIVENA|74390:inst3|33'
Slack : 0.361
TNS   : 0.000

Type  : Slow 1200mV 0C Model Setup 'Alarme:inst45|DivHorloge_enable:DIVENA|74390:inst3|6'
Slack : 0.361
TNS   : 0.000

Type  : Slow 1200mV 0C Model Setup 'Alarme:inst45|DivHorloge_enable:DIVENA|74390:inst5|33'
Slack : 0.361
TNS   : 0.000

Type  : Slow 1200mV 0C Model Setup 'Alarme:inst45|DivHorloge_enable:DIVENA|74390:inst5|6'
Slack : 0.361
TNS   : 0.000

Type  : Slow 1200mV 0C Model Setup 'Alarme:inst45|DivHorloge_enable:DIVENA|74390:inst|33'
Slack : 0.361
TNS   : 0.000

Type  : Slow 1200mV 0C Model Setup 'Alarme:inst45|DivHorloge_enable:DIVENA|74390:inst|6'
Slack : 0.361
TNS   : 0.000

Type  : Slow 1200mV 0C Model Setup 'D7'
Slack : 0.361
TNS   : 0.000

Type  : Slow 1200mV 0C Model Setup 'DivHorloge:inst3|74390:inst3|33'
Slack : 0.361
TNS   : 0.000

Type  : Slow 1200mV 0C Model Setup 'DivHorloge:inst3|74390:inst3|6'
Slack : 0.361
TNS   : 0.000

Type  : Slow 1200mV 0C Model Setup 'DivHorloge:inst3|74390:inst5|33'
Slack : 0.361
TNS   : 0.000

Type  : Slow 1200mV 0C Model Setup 'DivHorloge:inst3|74390:inst5|6'
Slack : 0.361
TNS   : 0.000

Type  : Slow 1200mV 0C Model Setup 'DivHorloge:inst3|74390:inst|33'
Slack : 0.361
TNS   : 0.000

Type  : Slow 1200mV 0C Model Setup 'DivHorloge:inst3|74390:inst|6'
Slack : 0.361
TNS   : 0.000

Type  : Slow 1200mV 0C Model Setup 'D1'
Slack : 0.362
TNS   : 0.000

Type  : Slow 1200mV 0C Model Setup 'D2'
Slack : 0.362
TNS   : 0.000

Type  : Slow 1200mV 0C Model Setup 'D3'
Slack : 0.362
TNS   : 0.000

Type  : Slow 1200mV 0C Model Setup 'D4'
Slack : 0.362
TNS   : 0.000

Type  : Slow 1200mV 0C Model Setup 'D5'
Slack : 0.362
TNS   : 0.000

Type  : Slow 1200mV 0C Model Setup 'D6'
Slack : 0.362
TNS   : 0.000

Type  : Slow 1200mV 0C Model Hold 'Alarme:inst45|DivHorloge_enable:DIVENA|74390:inst3|34'
Slack : 0.025
TNS   : 0.000

Type  : Slow 1200mV 0C Model Hold 'Alarme:inst45|DivHorloge_enable:DIVENA|74390:inst|34'
Slack : 0.103
TNS   : 0.000

Type  : Slow 1200mV 0C Model Hold 'Alarme:inst45|DivHorloge_enable:DIVENA|74390:inst3|7'
Slack : 0.164
TNS   : 0.000

Type  : Slow 1200mV 0C Model Hold '74390:inst13|7'
Slack : 0.230
TNS   : 0.000

Type  : Slow 1200mV 0C Model Hold '74390:inst13|34'
Slack : 0.259
TNS   : 0.000

Type  : Slow 1200mV 0C Model Hold 'DivHorloge:inst3|74390:inst3|7'
Slack : 0.288
TNS   : 0.000

Type  : Slow 1200mV 0C Model Hold 'Alarme:inst45|DivHorloge_enable:DIVENA|74390:inst5|7'
Slack : 0.296
TNS   : 0.000

Type  : Slow 1200mV 0C Model Hold '74390:inst33|34'
Slack : 0.305
TNS   : 0.000

Type  : Slow 1200mV 0C Model Hold '7490:inst37|19'
Slack : 0.305
TNS   : 0.000

Type  : Slow 1200mV 0C Model Hold 'DivHorloge:inst3|74390:inst5|34'
Slack : 0.305
TNS   : 0.000

Type  : Slow 1200mV 0C Model Hold 'Clock'
Slack : 0.306
TNS   : 0.000

Type  : Slow 1200mV 0C Model Hold 'DivHorloge:inst3|74390:inst3|34'
Slack : 0.307
TNS   : 0.000

Type  : Slow 1200mV 0C Model Hold 'Alarme:inst45|DivHorloge_enable:DIVENA|74390:inst5|34'
Slack : 0.311
TNS   : 0.000

Type  : Slow 1200mV 0C Model Hold 'DivHorloge:inst3|7490:inst8|7'
Slack : 0.311
TNS   : 0.000

Type  : Slow 1200mV 0C Model Hold 'Alarme:inst45|DivHorloge_enable:DIVENA|7490:inst8|7'
Slack : 0.312
TNS   : 0.000

Type  : Slow 1200mV 0C Model Hold 'DivHorloge:inst3|7490:inst10|19'
Slack : 0.312
TNS   : 0.000

Type  : Slow 1200mV 0C Model Hold 'DivHorloge:inst3|74390:inst5|7'
Slack : 0.314
TNS   : 0.000

Type  : Slow 1200mV 0C Model Hold '74390:inst32|7'
Slack : 0.317
TNS   : 0.000

Type  : Slow 1200mV 0C Model Hold '74390:inst13|33'
Slack : 0.354
TNS   : 0.000

Type  : Slow 1200mV 0C Model Hold '74390:inst13|6'
Slack : 0.354
TNS   : 0.000

Type  : Slow 1200mV 0C Model Hold '74390:inst32|33'
Slack : 0.354
TNS   : 0.000

Type  : Slow 1200mV 0C Model Hold '74390:inst32|6'
Slack : 0.354
TNS   : 0.000

Type  : Slow 1200mV 0C Model Hold '74390:inst33|33'
Slack : 0.354
TNS   : 0.000

Type  : Slow 1200mV 0C Model Hold '74390:inst33|6'
Slack : 0.354
TNS   : 0.000

Type  : Slow 1200mV 0C Model Hold 'Alarme:inst45|DivHorloge_enable:DIVENA|74390:inst3|33'
Slack : 0.354
TNS   : 0.000

Type  : Slow 1200mV 0C Model Hold 'Alarme:inst45|DivHorloge_enable:DIVENA|74390:inst3|6'
Slack : 0.354
TNS   : 0.000

Type  : Slow 1200mV 0C Model Hold 'Alarme:inst45|DivHorloge_enable:DIVENA|74390:inst5|33'
Slack : 0.354
TNS   : 0.000

Type  : Slow 1200mV 0C Model Hold 'Alarme:inst45|DivHorloge_enable:DIVENA|74390:inst5|6'
Slack : 0.354
TNS   : 0.000

Type  : Slow 1200mV 0C Model Hold 'Alarme:inst45|DivHorloge_enable:DIVENA|74390:inst|33'
Slack : 0.354
TNS   : 0.000

Type  : Slow 1200mV 0C Model Hold 'Alarme:inst45|DivHorloge_enable:DIVENA|74390:inst|6'
Slack : 0.354
TNS   : 0.000

Type  : Slow 1200mV 0C Model Hold 'D7'
Slack : 0.354
TNS   : 0.000

Type  : Slow 1200mV 0C Model Hold 'DivHorloge:inst3|74390:inst3|33'
Slack : 0.354
TNS   : 0.000

Type  : Slow 1200mV 0C Model Hold 'DivHorloge:inst3|74390:inst3|6'
Slack : 0.354
TNS   : 0.000

Type  : Slow 1200mV 0C Model Hold 'DivHorloge:inst3|74390:inst5|33'
Slack : 0.354
TNS   : 0.000

Type  : Slow 1200mV 0C Model Hold 'DivHorloge:inst3|74390:inst5|6'
Slack : 0.354
TNS   : 0.000

Type  : Slow 1200mV 0C Model Hold 'DivHorloge:inst3|74390:inst|33'
Slack : 0.354
TNS   : 0.000

Type  : Slow 1200mV 0C Model Hold 'DivHorloge:inst3|74390:inst|6'
Slack : 0.354
TNS   : 0.000

Type  : Slow 1200mV 0C Model Hold 'D1'
Slack : 0.355
TNS   : 0.000

Type  : Slow 1200mV 0C Model Hold 'D2'
Slack : 0.355
TNS   : 0.000

Type  : Slow 1200mV 0C Model Hold 'D3'
Slack : 0.355
TNS   : 0.000

Type  : Slow 1200mV 0C Model Hold 'D4'
Slack : 0.355
TNS   : 0.000

Type  : Slow 1200mV 0C Model Hold 'D5'
Slack : 0.355
TNS   : 0.000

Type  : Slow 1200mV 0C Model Hold 'D6'
Slack : 0.355
TNS   : 0.000

Type  : Slow 1200mV 0C Model Hold '74390:inst13|3'
Slack : 0.369
TNS   : 0.000

Type  : Slow 1200mV 0C Model Hold 'DivHorloge:inst3|74390:inst|31'
Slack : 0.403
TNS   : 0.000

Type  : Slow 1200mV 0C Model Hold '7490:inst35|19'
Slack : 0.416
TNS   : 0.000

Type  : Slow 1200mV 0C Model Hold '74390:inst32|34'
Slack : 0.424
TNS   : 0.000

Type  : Slow 1200mV 0C Model Hold 'DivHorloge:inst3|74390:inst|7'
Slack : 0.425
TNS   : 0.000

Type  : Slow 1200mV 0C Model Hold '74390:inst33|31'
Slack : 0.432
TNS   : 0.000

Type  : Slow 1200mV 0C Model Hold 'Alarme:inst45|DivHorloge_enable:DIVENA|74390:inst|7'
Slack : 0.432
TNS   : 0.000

Type  : Slow 1200mV 0C Model Hold 'DivHorloge:inst3|74390:inst|34'
Slack : 0.436
TNS   : 0.000

Type  : Slow 1200mV 0C Model Hold '74390:inst33|7'
Slack : 0.443
TNS   : 0.000

Type  : Slow 1200mV 0C Model Hold '74390:inst32|31'
Slack : 0.453
TNS   : 0.000

Type  : Slow 1200mV 0C Model Hold 'DivHorloge:inst3|74390:inst5|3'
Slack : 0.519
TNS   : 0.000

Type  : Slow 1200mV 0C Model Hold 'Alarme:inst45|DivHorloge_enable:DIVENA|7490:inst8|19'
Slack : 0.522
TNS   : 0.000

Type  : Slow 1200mV 0C Model Hold 'DivHorloge:inst3|7490:inst8|19'
Slack : 0.566
TNS   : 0.000

Type  : Slow 1200mV 0C Model Hold 'DivHorloge:inst3|74390:inst3|3'
Slack : 0.568
TNS   : 0.000

Type  : Slow 1200mV 0C Model Hold 'Alarme:inst45|DivHorloge_enable:DIVENA|74390:inst5|3'
Slack : 0.585
TNS   : 0.000

Type  : Slow 1200mV 0C Model Hold '74390:inst13|31'
Slack : 0.607
TNS   : 0.000

Type  : Slow 1200mV 0C Model Hold 'Alarme:inst45|DivHorloge_enable:DIVENA|74390:inst3|31'
Slack : 0.610
TNS   : 0.000

Type  : Slow 1200mV 0C Model Hold 'Alarme:inst45|DivHorloge_enable:DIVENA|74390:inst|31'
Slack : 0.610
TNS   : 0.000

Type  : Slow 1200mV 0C Model Hold 'Alarme:inst45|DivHorloge_enable:DIVENA|74390:inst5|31'
Slack : 0.611
TNS   : 0.000

Type  : Slow 1200mV 0C Model Hold 'DivHorloge:inst3|74390:inst3|31'
Slack : 0.618
TNS   : 0.000

Type  : Slow 1200mV 0C Model Hold 'DivHorloge:inst3|74390:inst5|31'
Slack : 0.631
TNS   : 0.000

Type  : Slow 1200mV 0C Model Hold '74390:inst32|3'
Slack : 0.638
TNS   : 0.000

Type  : Slow 1200mV 0C Model Hold 'Alarme:inst45|DivHorloge_enable:DIVENA|74390:inst3|3'
Slack : 0.677
TNS   : 0.000

Type  : Slow 1200mV 0C Model Hold '74390:inst33|3'
Slack : 0.681
TNS   : 0.000

Type  : Slow 1200mV 0C Model Hold 'DivHorloge:inst3|74390:inst|3'
Slack : 0.765
TNS   : 0.000

Type  : Slow 1200mV 0C Model Hold 'Alarme:inst45|DivHorloge_enable:DIVENA|74390:inst|3'
Slack : 0.782
TNS   : 0.000

Type  : Slow 1200mV 0C Model Recovery 'D7'
Slack : -0.173
TNS   : -0.173

Type  : Slow 1200mV 0C Model Recovery 'D4'
Slack : -0.135
TNS   : -0.135

Type  : Slow 1200mV 0C Model Recovery 'D1'
Slack : -0.127
TNS   : -0.127

Type  : Slow 1200mV 0C Model Recovery 'D5'
Slack : -0.093
TNS   : -0.093

Type  : Slow 1200mV 0C Model Recovery 'D6'
Slack : -0.039
TNS   : -0.039

Type  : Slow 1200mV 0C Model Recovery 'D2'
Slack : 0.076
TNS   : 0.000

Type  : Slow 1200mV 0C Model Recovery 'D3'
Slack : 0.119
TNS   : 0.000

Type  : Slow 1200mV 0C Model Removal 'D3'
Slack : 0.331
TNS   : 0.000

Type  : Slow 1200mV 0C Model Removal 'D2'
Slack : 0.354
TNS   : 0.000

Type  : Slow 1200mV 0C Model Removal 'D1'
Slack : 0.375
TNS   : 0.000

Type  : Slow 1200mV 0C Model Removal 'D6'
Slack : 0.455
TNS   : 0.000

Type  : Slow 1200mV 0C Model Removal 'D5'
Slack : 0.544
TNS   : 0.000

Type  : Slow 1200mV 0C Model Removal 'D4'
Slack : 0.577
TNS   : 0.000

Type  : Slow 1200mV 0C Model Removal 'D7'
Slack : 0.607
TNS   : 0.000

Type  : Slow 1200mV 0C Model Minimum Pulse Width 'Clock'
Slack : -3.000
TNS   : -268.167

Type  : Slow 1200mV 0C Model Minimum Pulse Width 'D1'
Slack : -3.000
TNS   : -4.403

Type  : Slow 1200mV 0C Model Minimum Pulse Width 'D2'
Slack : -3.000
TNS   : -4.403

Type  : Slow 1200mV 0C Model Minimum Pulse Width 'D3'
Slack : -3.000
TNS   : -4.403

Type  : Slow 1200mV 0C Model Minimum Pulse Width 'D4'
Slack : -3.000
TNS   : -4.403

Type  : Slow 1200mV 0C Model Minimum Pulse Width 'D5'
Slack : -3.000
TNS   : -4.403

Type  : Slow 1200mV 0C Model Minimum Pulse Width 'D6'
Slack : -3.000
TNS   : -4.403

Type  : Slow 1200mV 0C Model Minimum Pulse Width 'D7'
Slack : -3.000
TNS   : -4.403

Type  : Slow 1200mV 0C Model Minimum Pulse Width 'DivHorloge:inst3|7490:inst10|19'
Slack : -1.403
TNS   : -11.224

Type  : Slow 1200mV 0C Model Minimum Pulse Width '74390:inst33|34'
Slack : -1.403
TNS   : -4.209

Type  : Slow 1200mV 0C Model Minimum Pulse Width '7490:inst37|19'
Slack : -1.403
TNS   : -4.209

Type  : Slow 1200mV 0C Model Minimum Pulse Width 'Alarme:inst45|DivHorloge_enable:DIVENA|74390:inst5|34'
Slack : -1.403
TNS   : -4.209

Type  : Slow 1200mV 0C Model Minimum Pulse Width 'Alarme:inst45|DivHorloge_enable:DIVENA|7490:inst8|7'
Slack : -1.403
TNS   : -4.209

Type  : Slow 1200mV 0C Model Minimum Pulse Width 'DivHorloge:inst3|74390:inst5|34'
Slack : -1.403
TNS   : -4.209

Type  : Slow 1200mV 0C Model Minimum Pulse Width 'DivHorloge:inst3|7490:inst8|7'
Slack : -1.403
TNS   : -4.209

Type  : Slow 1200mV 0C Model Minimum Pulse Width '74390:inst13|3'
Slack : -1.403
TNS   : -2.806

Type  : Slow 1200mV 0C Model Minimum Pulse Width '74390:inst13|31'
Slack : -1.403
TNS   : -2.806

Type  : Slow 1200mV 0C Model Minimum Pulse Width '74390:inst13|34'
Slack : -1.403
TNS   : -2.806

Type  : Slow 1200mV 0C Model Minimum Pulse Width '74390:inst13|7'
Slack : -1.403
TNS   : -2.806

Type  : Slow 1200mV 0C Model Minimum Pulse Width '74390:inst32|3'
Slack : -1.403
TNS   : -2.806

Type  : Slow 1200mV 0C Model Minimum Pulse Width '74390:inst32|31'
Slack : -1.403
TNS   : -2.806

Type  : Slow 1200mV 0C Model Minimum Pulse Width '74390:inst32|34'
Slack : -1.403
TNS   : -2.806

Type  : Slow 1200mV 0C Model Minimum Pulse Width '74390:inst32|7'
Slack : -1.403
TNS   : -2.806

Type  : Slow 1200mV 0C Model Minimum Pulse Width '74390:inst33|3'
Slack : -1.403
TNS   : -2.806

Type  : Slow 1200mV 0C Model Minimum Pulse Width '74390:inst33|31'
Slack : -1.403
TNS   : -2.806

Type  : Slow 1200mV 0C Model Minimum Pulse Width '74390:inst33|7'
Slack : -1.403
TNS   : -2.806

Type  : Slow 1200mV 0C Model Minimum Pulse Width '7490:inst35|19'
Slack : -1.403
TNS   : -2.806

Type  : Slow 1200mV 0C Model Minimum Pulse Width 'Alarme:inst45|DivHorloge_enable:DIVENA|74390:inst3|3'
Slack : -1.403
TNS   : -2.806

Type  : Slow 1200mV 0C Model Minimum Pulse Width 'Alarme:inst45|DivHorloge_enable:DIVENA|74390:inst3|31'
Slack : -1.403
TNS   : -2.806

Type  : Slow 1200mV 0C Model Minimum Pulse Width 'Alarme:inst45|DivHorloge_enable:DIVENA|74390:inst3|34'
Slack : -1.403
TNS   : -2.806

Type  : Slow 1200mV 0C Model Minimum Pulse Width 'Alarme:inst45|DivHorloge_enable:DIVENA|74390:inst3|7'
Slack : -1.403
TNS   : -2.806

Type  : Slow 1200mV 0C Model Minimum Pulse Width 'Alarme:inst45|DivHorloge_enable:DIVENA|74390:inst5|3'
Slack : -1.403
TNS   : -2.806

Type  : Slow 1200mV 0C Model Minimum Pulse Width 'Alarme:inst45|DivHorloge_enable:DIVENA|74390:inst5|31'
Slack : -1.403
TNS   : -2.806

Type  : Slow 1200mV 0C Model Minimum Pulse Width 'Alarme:inst45|DivHorloge_enable:DIVENA|74390:inst5|7'
Slack : -1.403
TNS   : -2.806

Type  : Slow 1200mV 0C Model Minimum Pulse Width 'Alarme:inst45|DivHorloge_enable:DIVENA|74390:inst|3'
Slack : -1.403
TNS   : -2.806

Type  : Slow 1200mV 0C Model Minimum Pulse Width 'Alarme:inst45|DivHorloge_enable:DIVENA|74390:inst|31'
Slack : -1.403
TNS   : -2.806

Type  : Slow 1200mV 0C Model Minimum Pulse Width 'Alarme:inst45|DivHorloge_enable:DIVENA|74390:inst|34'
Slack : -1.403
TNS   : -2.806

Type  : Slow 1200mV 0C Model Minimum Pulse Width 'Alarme:inst45|DivHorloge_enable:DIVENA|74390:inst|7'
Slack : -1.403
TNS   : -2.806

Type  : Slow 1200mV 0C Model Minimum Pulse Width 'DivHorloge:inst3|74390:inst3|3'
Slack : -1.403
TNS   : -2.806

Type  : Slow 1200mV 0C Model Minimum Pulse Width 'DivHorloge:inst3|74390:inst3|31'
Slack : -1.403
TNS   : -2.806

Type  : Slow 1200mV 0C Model Minimum Pulse Width 'DivHorloge:inst3|74390:inst3|34'
Slack : -1.403
TNS   : -2.806

Type  : Slow 1200mV 0C Model Minimum Pulse Width 'DivHorloge:inst3|74390:inst3|7'
Slack : -1.403
TNS   : -2.806

Type  : Slow 1200mV 0C Model Minimum Pulse Width 'DivHorloge:inst3|74390:inst5|3'
Slack : -1.403
TNS   : -2.806

Type  : Slow 1200mV 0C Model Minimum Pulse Width 'DivHorloge:inst3|74390:inst5|31'
Slack : -1.403
TNS   : -2.806

Type  : Slow 1200mV 0C Model Minimum Pulse Width 'DivHorloge:inst3|74390:inst5|7'
Slack : -1.403
TNS   : -2.806

Type  : Slow 1200mV 0C Model Minimum Pulse Width 'DivHorloge:inst3|74390:inst|3'
Slack : -1.403
TNS   : -2.806

Type  : Slow 1200mV 0C Model Minimum Pulse Width 'DivHorloge:inst3|74390:inst|31'
Slack : -1.403
TNS   : -2.806

Type  : Slow 1200mV 0C Model Minimum Pulse Width 'DivHorloge:inst3|74390:inst|34'
Slack : -1.403
TNS   : -2.806

Type  : Slow 1200mV 0C Model Minimum Pulse Width 'DivHorloge:inst3|74390:inst|7'
Slack : -1.403
TNS   : -2.806

Type  : Slow 1200mV 0C Model Minimum Pulse Width '74390:inst13|33'
Slack : -1.403
TNS   : -1.403

Type  : Slow 1200mV 0C Model Minimum Pulse Width '74390:inst13|6'
Slack : -1.403
TNS   : -1.403

Type  : Slow 1200mV 0C Model Minimum Pulse Width '74390:inst32|33'
Slack : -1.403
TNS   : -1.403

Type  : Slow 1200mV 0C Model Minimum Pulse Width '74390:inst32|6'
Slack : -1.403
TNS   : -1.403

Type  : Slow 1200mV 0C Model Minimum Pulse Width '74390:inst33|33'
Slack : -1.403
TNS   : -1.403

Type  : Slow 1200mV 0C Model Minimum Pulse Width '74390:inst33|6'
Slack : -1.403
TNS   : -1.403

Type  : Slow 1200mV 0C Model Minimum Pulse Width 'Alarme:inst45|DivHorloge_enable:DIVENA|74390:inst3|33'
Slack : -1.403
TNS   : -1.403

Type  : Slow 1200mV 0C Model Minimum Pulse Width 'Alarme:inst45|DivHorloge_enable:DIVENA|74390:inst3|6'
Slack : -1.403
TNS   : -1.403

Type  : Slow 1200mV 0C Model Minimum Pulse Width 'Alarme:inst45|DivHorloge_enable:DIVENA|74390:inst5|33'
Slack : -1.403
TNS   : -1.403

Type  : Slow 1200mV 0C Model Minimum Pulse Width 'Alarme:inst45|DivHorloge_enable:DIVENA|74390:inst5|6'
Slack : -1.403
TNS   : -1.403

Type  : Slow 1200mV 0C Model Minimum Pulse Width 'Alarme:inst45|DivHorloge_enable:DIVENA|74390:inst|33'
Slack : -1.403
TNS   : -1.403

Type  : Slow 1200mV 0C Model Minimum Pulse Width 'Alarme:inst45|DivHorloge_enable:DIVENA|74390:inst|6'
Slack : -1.403
TNS   : -1.403

Type  : Slow 1200mV 0C Model Minimum Pulse Width 'Alarme:inst45|DivHorloge_enable:DIVENA|7490:inst8|19'
Slack : -1.403
TNS   : -1.403

Type  : Slow 1200mV 0C Model Minimum Pulse Width 'DivHorloge:inst3|74390:inst3|33'
Slack : -1.403
TNS   : -1.403

Type  : Slow 1200mV 0C Model Minimum Pulse Width 'DivHorloge:inst3|74390:inst3|6'
Slack : -1.403
TNS   : -1.403

Type  : Slow 1200mV 0C Model Minimum Pulse Width 'DivHorloge:inst3|74390:inst5|33'
Slack : -1.403
TNS   : -1.403

Type  : Slow 1200mV 0C Model Minimum Pulse Width 'DivHorloge:inst3|74390:inst5|6'
Slack : -1.403
TNS   : -1.403

Type  : Slow 1200mV 0C Model Minimum Pulse Width 'DivHorloge:inst3|74390:inst|33'
Slack : -1.403
TNS   : -1.403

Type  : Slow 1200mV 0C Model Minimum Pulse Width 'DivHorloge:inst3|74390:inst|6'
Slack : -1.403
TNS   : -1.403

Type  : Slow 1200mV 0C Model Minimum Pulse Width 'DivHorloge:inst3|7490:inst8|19'
Slack : -1.403
TNS   : -1.403

Type  : Fast 1200mV 0C Model Setup 'Clock'
Slack : -5.489
TNS   : -144.380

Type  : Fast 1200mV 0C Model Setup 'Alarme:inst45|DivHorloge_enable:DIVENA|74390:inst|3'
Slack : -2.363
TNS   : -2.363

Type  : Fast 1200mV 0C Model Setup 'DivHorloge:inst3|7490:inst10|19'
Slack : -2.094
TNS   : -15.641

Type  : Fast 1200mV 0C Model Setup '74390:inst32|3'
Slack : -1.368
TNS   : -1.368

Type  : Fast 1200mV 0C Model Setup 'DivHorloge:inst3|74390:inst|3'
Slack : -1.364
TNS   : -1.364

Type  : Fast 1200mV 0C Model Setup '7490:inst35|19'
Slack : -0.704
TNS   : -1.406

Type  : Fast 1200mV 0C Model Setup 'DivHorloge:inst3|74390:inst5|31'
Slack : -0.396
TNS   : -0.396

Type  : Fast 1200mV 0C Model Setup '74390:inst33|31'
Slack : -0.305
TNS   : -0.305

Type  : Fast 1200mV 0C Model Setup 'DivHorloge:inst3|7490:inst8|7'
Slack : -0.223
TNS   : -0.223

Type  : Fast 1200mV 0C Model Setup '7490:inst37|19'
Slack : -0.137
TNS   : -0.137

Type  : Fast 1200mV 0C Model Setup 'DivHorloge:inst3|74390:inst|31'
Slack : -0.117
TNS   : -0.117

Type  : Fast 1200mV 0C Model Setup '74390:inst33|34'
Slack : -0.112
TNS   : -0.112

Type  : Fast 1200mV 0C Model Setup '74390:inst33|3'
Slack : -0.072
TNS   : -0.072

Type  : Fast 1200mV 0C Model Setup 'Alarme:inst45|DivHorloge_enable:DIVENA|74390:inst5|31'
Slack : -0.072
TNS   : -0.072

Type  : Fast 1200mV 0C Model Setup '74390:inst13|31'
Slack : -0.063
TNS   : -0.063

Type  : Fast 1200mV 0C Model Setup 'Alarme:inst45|DivHorloge_enable:DIVENA|74390:inst3|3'
Slack : -0.011
TNS   : -0.011

Type  : Fast 1200mV 0C Model Setup 'DivHorloge:inst3|74390:inst3|31'
Slack : -0.007
TNS   : -0.007

Type  : Fast 1200mV 0C Model Setup 'DivHorloge:inst3|74390:inst3|3'
Slack : 0.005
TNS   : 0.000

Type  : Fast 1200mV 0C Model Setup 'Alarme:inst45|DivHorloge_enable:DIVENA|74390:inst5|3'
Slack : 0.009
TNS   : 0.000

Type  : Fast 1200mV 0C Model Setup 'Alarme:inst45|DivHorloge_enable:DIVENA|74390:inst|31'
Slack : 0.013
TNS   : 0.000

Type  : Fast 1200mV 0C Model Setup 'DivHorloge:inst3|74390:inst5|34'
Slack : 0.043
TNS   : 0.000

Type  : Fast 1200mV 0C Model Setup 'DivHorloge:inst3|74390:inst5|3'
Slack : 0.048
TNS   : 0.000

Type  : Fast 1200mV 0C Model Setup '74390:inst32|31'
Slack : 0.058
TNS   : 0.000

Type  : Fast 1200mV 0C Model Setup '74390:inst32|34'
Slack : 0.077
TNS   : 0.000

Type  : Fast 1200mV 0C Model Setup '74390:inst13|34'
Slack : 0.084
TNS   : 0.000

Type  : Fast 1200mV 0C Model Setup 'Alarme:inst45|DivHorloge_enable:DIVENA|74390:inst3|31'
Slack : 0.085
TNS   : 0.000

Type  : Fast 1200mV 0C Model Setup 'DivHorloge:inst3|74390:inst|7'
Slack : 0.085
TNS   : 0.000

Type  : Fast 1200mV 0C Model Setup 'DivHorloge:inst3|74390:inst5|7'
Slack : 0.089
TNS   : 0.000

Type  : Fast 1200mV 0C Model Setup 'DivHorloge:inst3|7490:inst8|19'
Slack : 0.104
TNS   : 0.000

Type  : Fast 1200mV 0C Model Setup 'Alarme:inst45|DivHorloge_enable:DIVENA|74390:inst5|7'
Slack : 0.110
TNS   : 0.000

Type  : Fast 1200mV 0C Model Setup 'Alarme:inst45|DivHorloge_enable:DIVENA|74390:inst5|34'
Slack : 0.119
TNS   : 0.000

Type  : Fast 1200mV 0C Model Setup 'Alarme:inst45|DivHorloge_enable:DIVENA|74390:inst|7'
Slack : 0.123
TNS   : 0.000

Type  : Fast 1200mV 0C Model Setup '74390:inst13|3'
Slack : 0.131
TNS   : 0.000

Type  : Fast 1200mV 0C Model Setup 'Alarme:inst45|DivHorloge_enable:DIVENA|7490:inst8|19'
Slack : 0.132
TNS   : 0.000

Type  : Fast 1200mV 0C Model Setup 'DivHorloge:inst3|74390:inst|34'
Slack : 0.142
TNS   : 0.000

Type  : Fast 1200mV 0C Model Setup '74390:inst32|7'
Slack : 0.150
TNS   : 0.000

Type  : Fast 1200mV 0C Model Setup 'Alarme:inst45|DivHorloge_enable:DIVENA|74390:inst|34'
Slack : 0.152
TNS   : 0.000

Type  : Fast 1200mV 0C Model Setup '74390:inst33|7'
Slack : 0.159
TNS   : 0.000

Type  : Fast 1200mV 0C Model Setup 'Alarme:inst45|DivHorloge_enable:DIVENA|74390:inst3|7'
Slack : 0.162
TNS   : 0.000

Type  : Fast 1200mV 0C Model Setup 'Alarme:inst45|DivHorloge_enable:DIVENA|74390:inst3|34'
Slack : 0.166
TNS   : 0.000

Type  : Fast 1200mV 0C Model Setup 'DivHorloge:inst3|74390:inst3|34'
Slack : 0.176
TNS   : 0.000

Type  : Fast 1200mV 0C Model Setup '74390:inst13|7'
Slack : 0.187
TNS   : 0.000

Type  : Fast 1200mV 0C Model Setup 'DivHorloge:inst3|74390:inst3|7'
Slack : 0.196
TNS   : 0.000

Type  : Fast 1200mV 0C Model Setup 'Alarme:inst45|DivHorloge_enable:DIVENA|7490:inst8|7'
Slack : 0.578
TNS   : 0.000

Type  : Fast 1200mV 0C Model Setup '74390:inst13|33'
Slack : 0.693
TNS   : 0.000

Type  : Fast 1200mV 0C Model Setup '74390:inst13|6'
Slack : 0.693
TNS   : 0.000

Type  : Fast 1200mV 0C Model Setup '74390:inst32|33'
Slack : 0.693
TNS   : 0.000

Type  : Fast 1200mV 0C Model Setup '74390:inst32|6'
Slack : 0.693
TNS   : 0.000

Type  : Fast 1200mV 0C Model Setup '74390:inst33|33'
Slack : 0.693
TNS   : 0.000

Type  : Fast 1200mV 0C Model Setup '74390:inst33|6'
Slack : 0.693
TNS   : 0.000

Type  : Fast 1200mV 0C Model Setup 'Alarme:inst45|DivHorloge_enable:DIVENA|74390:inst3|33'
Slack : 0.693
TNS   : 0.000

Type  : Fast 1200mV 0C Model Setup 'Alarme:inst45|DivHorloge_enable:DIVENA|74390:inst3|6'
Slack : 0.693
TNS   : 0.000

Type  : Fast 1200mV 0C Model Setup 'Alarme:inst45|DivHorloge_enable:DIVENA|74390:inst5|33'
Slack : 0.693
TNS   : 0.000

Type  : Fast 1200mV 0C Model Setup 'Alarme:inst45|DivHorloge_enable:DIVENA|74390:inst5|6'
Slack : 0.693
TNS   : 0.000

Type  : Fast 1200mV 0C Model Setup 'Alarme:inst45|DivHorloge_enable:DIVENA|74390:inst|33'
Slack : 0.693
TNS   : 0.000

Type  : Fast 1200mV 0C Model Setup 'Alarme:inst45|DivHorloge_enable:DIVENA|74390:inst|6'
Slack : 0.693
TNS   : 0.000

Type  : Fast 1200mV 0C Model Setup 'D7'
Slack : 0.693
TNS   : 0.000

Type  : Fast 1200mV 0C Model Setup 'DivHorloge:inst3|74390:inst3|33'
Slack : 0.693
TNS   : 0.000

Type  : Fast 1200mV 0C Model Setup 'DivHorloge:inst3|74390:inst3|6'
Slack : 0.693
TNS   : 0.000

Type  : Fast 1200mV 0C Model Setup 'DivHorloge:inst3|74390:inst5|33'
Slack : 0.693
TNS   : 0.000

Type  : Fast 1200mV 0C Model Setup 'DivHorloge:inst3|74390:inst5|6'
Slack : 0.693
TNS   : 0.000

Type  : Fast 1200mV 0C Model Setup 'DivHorloge:inst3|74390:inst|33'
Slack : 0.693
TNS   : 0.000

Type  : Fast 1200mV 0C Model Setup 'DivHorloge:inst3|74390:inst|6'
Slack : 0.693
TNS   : 0.000

Type  : Fast 1200mV 0C Model Setup 'D1'
Slack : 0.694
TNS   : 0.000

Type  : Fast 1200mV 0C Model Setup 'D2'
Slack : 0.694
TNS   : 0.000

Type  : Fast 1200mV 0C Model Setup 'D3'
Slack : 0.694
TNS   : 0.000

Type  : Fast 1200mV 0C Model Setup 'D4'
Slack : 0.694
TNS   : 0.000

Type  : Fast 1200mV 0C Model Setup 'D5'
Slack : 0.694
TNS   : 0.000

Type  : Fast 1200mV 0C Model Setup 'D6'
Slack : 0.694
TNS   : 0.000

Type  : Fast 1200mV 0C Model Hold 'Alarme:inst45|DivHorloge_enable:DIVENA|74390:inst3|34'
Slack : -0.037
TNS   : -0.037

Type  : Fast 1200mV 0C Model Hold 'Alarme:inst45|DivHorloge_enable:DIVENA|74390:inst|34'
Slack : -0.023
TNS   : -0.023

Type  : Fast 1200mV 0C Model Hold 'Alarme:inst45|DivHorloge_enable:DIVENA|74390:inst3|7'
Slack : 0.027
TNS   : 0.000

Type  : Fast 1200mV 0C Model Hold '74390:inst13|7'
Slack : 0.056
TNS   : 0.000

Type  : Fast 1200mV 0C Model Hold '74390:inst13|34'
Slack : 0.070
TNS   : 0.000

Type  : Fast 1200mV 0C Model Hold 'Alarme:inst45|DivHorloge_enable:DIVENA|74390:inst5|7'
Slack : 0.087
TNS   : 0.000

Type  : Fast 1200mV 0C Model Hold 'DivHorloge:inst3|74390:inst3|7'
Slack : 0.087
TNS   : 0.000

Type  : Fast 1200mV 0C Model Hold 'DivHorloge:inst3|74390:inst5|7'
Slack : 0.099
TNS   : 0.000

Type  : Fast 1200mV 0C Model Hold '74390:inst32|7'
Slack : 0.113
TNS   : 0.000

Type  : Fast 1200mV 0C Model Hold '74390:inst33|31'
Slack : 0.118
TNS   : 0.000

Type  : Fast 1200mV 0C Model Hold 'Alarme:inst45|DivHorloge_enable:DIVENA|74390:inst|7'
Slack : 0.118
TNS   : 0.000

Type  : Fast 1200mV 0C Model Hold 'DivHorloge:inst3|74390:inst3|34'
Slack : 0.121
TNS   : 0.000

Type  : Fast 1200mV 0C Model Hold 'DivHorloge:inst3|74390:inst|31'
Slack : 0.122
TNS   : 0.000

Type  : Fast 1200mV 0C Model Hold 'DivHorloge:inst3|74390:inst|34'
Slack : 0.143
TNS   : 0.000

Type  : Fast 1200mV 0C Model Hold '74390:inst33|34'
Slack : 0.145
TNS   : 0.000

Type  : Fast 1200mV 0C Model Hold 'DivHorloge:inst3|74390:inst5|34'
Slack : 0.146
TNS   : 0.000

Type  : Fast 1200mV 0C Model Hold '7490:inst37|19'
Slack : 0.147
TNS   : 0.000

Type  : Fast 1200mV 0C Model Hold 'Clock'
Slack : 0.148
TNS   : 0.000

Type  : Fast 1200mV 0C Model Hold 'Alarme:inst45|DivHorloge_enable:DIVENA|74390:inst5|34'
Slack : 0.151
TNS   : 0.000

Type  : Fast 1200mV 0C Model Hold 'Alarme:inst45|DivHorloge_enable:DIVENA|7490:inst8|7'
Slack : 0.151
TNS   : 0.000

Type  : Fast 1200mV 0C Model Hold 'DivHorloge:inst3|7490:inst10|19'
Slack : 0.152
TNS   : 0.000

Type  : Fast 1200mV 0C Model Hold 'DivHorloge:inst3|7490:inst8|7'
Slack : 0.152
TNS   : 0.000

Type  : Fast 1200mV 0C Model Hold '74390:inst32|3'
Slack : 0.157
TNS   : 0.000

Type  : Fast 1200mV 0C Model Hold '74390:inst33|7'
Slack : 0.160
TNS   : 0.000

Type  : Fast 1200mV 0C Model Hold 'DivHorloge:inst3|74390:inst|7'
Slack : 0.162
TNS   : 0.000

Type  : Fast 1200mV 0C Model Hold 'Alarme:inst45|DivHorloge_enable:DIVENA|7490:inst8|19'
Slack : 0.165
TNS   : 0.000

Type  : Fast 1200mV 0C Model Hold '74390:inst13|33'
Slack : 0.169
TNS   : 0.000

Type  : Fast 1200mV 0C Model Hold '74390:inst13|6'
Slack : 0.169
TNS   : 0.000

Type  : Fast 1200mV 0C Model Hold '74390:inst32|33'
Slack : 0.169
TNS   : 0.000

Type  : Fast 1200mV 0C Model Hold '74390:inst32|6'
Slack : 0.169
TNS   : 0.000

Type  : Fast 1200mV 0C Model Hold '74390:inst33|33'
Slack : 0.169
TNS   : 0.000

Type  : Fast 1200mV 0C Model Hold '74390:inst33|6'
Slack : 0.169
TNS   : 0.000

Type  : Fast 1200mV 0C Model Hold 'Alarme:inst45|DivHorloge_enable:DIVENA|74390:inst3|33'
Slack : 0.169
TNS   : 0.000

Type  : Fast 1200mV 0C Model Hold 'Alarme:inst45|DivHorloge_enable:DIVENA|74390:inst3|6'
Slack : 0.169
TNS   : 0.000

Type  : Fast 1200mV 0C Model Hold 'Alarme:inst45|DivHorloge_enable:DIVENA|74390:inst5|33'
Slack : 0.169
TNS   : 0.000

Type  : Fast 1200mV 0C Model Hold 'Alarme:inst45|DivHorloge_enable:DIVENA|74390:inst5|6'
Slack : 0.169
TNS   : 0.000

Type  : Fast 1200mV 0C Model Hold 'Alarme:inst45|DivHorloge_enable:DIVENA|74390:inst|33'
Slack : 0.169
TNS   : 0.000

Type  : Fast 1200mV 0C Model Hold 'Alarme:inst45|DivHorloge_enable:DIVENA|74390:inst|6'
Slack : 0.169
TNS   : 0.000

Type  : Fast 1200mV 0C Model Hold 'D7'
Slack : 0.169
TNS   : 0.000

Type  : Fast 1200mV 0C Model Hold 'DivHorloge:inst3|74390:inst3|33'
Slack : 0.169
TNS   : 0.000

Type  : Fast 1200mV 0C Model Hold 'DivHorloge:inst3|74390:inst3|6'
Slack : 0.169
TNS   : 0.000

Type  : Fast 1200mV 0C Model Hold 'DivHorloge:inst3|74390:inst5|33'
Slack : 0.169
TNS   : 0.000

Type  : Fast 1200mV 0C Model Hold 'DivHorloge:inst3|74390:inst5|6'
Slack : 0.169
TNS   : 0.000

Type  : Fast 1200mV 0C Model Hold 'DivHorloge:inst3|74390:inst|33'
Slack : 0.169
TNS   : 0.000

Type  : Fast 1200mV 0C Model Hold 'DivHorloge:inst3|74390:inst|6'
Slack : 0.169
TNS   : 0.000

Type  : Fast 1200mV 0C Model Hold 'D1'
Slack : 0.170
TNS   : 0.000

Type  : Fast 1200mV 0C Model Hold 'D2'
Slack : 0.170
TNS   : 0.000

Type  : Fast 1200mV 0C Model Hold 'D3'
Slack : 0.170
TNS   : 0.000

Type  : Fast 1200mV 0C Model Hold 'D4'
Slack : 0.170
TNS   : 0.000

Type  : Fast 1200mV 0C Model Hold 'D5'
Slack : 0.170
TNS   : 0.000

Type  : Fast 1200mV 0C Model Hold 'D6'
Slack : 0.170
TNS   : 0.000

Type  : Fast 1200mV 0C Model Hold 'DivHorloge:inst3|74390:inst3|31'
Slack : 0.171
TNS   : 0.000

Type  : Fast 1200mV 0C Model Hold '7490:inst35|19'
Slack : 0.172
TNS   : 0.000

Type  : Fast 1200mV 0C Model Hold '74390:inst32|34'
Slack : 0.175
TNS   : 0.000

Type  : Fast 1200mV 0C Model Hold '74390:inst32|31'
Slack : 0.176
TNS   : 0.000

Type  : Fast 1200mV 0C Model Hold 'DivHorloge:inst3|74390:inst5|31'
Slack : 0.184
TNS   : 0.000

Type  : Fast 1200mV 0C Model Hold 'DivHorloge:inst3|74390:inst5|3'
Slack : 0.186
TNS   : 0.000

Type  : Fast 1200mV 0C Model Hold 'DivHorloge:inst3|7490:inst8|19'
Slack : 0.192
TNS   : 0.000

Type  : Fast 1200mV 0C Model Hold 'Alarme:inst45|DivHorloge_enable:DIVENA|74390:inst5|31'
Slack : 0.193
TNS   : 0.000

Type  : Fast 1200mV 0C Model Hold 'Alarme:inst45|DivHorloge_enable:DIVENA|74390:inst|31'
Slack : 0.195
TNS   : 0.000

Type  : Fast 1200mV 0C Model Hold '74390:inst13|3'
Slack : 0.202
TNS   : 0.000

Type  : Fast 1200mV 0C Model Hold 'Alarme:inst45|DivHorloge_enable:DIVENA|74390:inst5|3'
Slack : 0.210
TNS   : 0.000

Type  : Fast 1200mV 0C Model Hold 'Alarme:inst45|DivHorloge_enable:DIVENA|74390:inst3|31'
Slack : 0.212
TNS   : 0.000

Type  : Fast 1200mV 0C Model Hold 'Alarme:inst45|DivHorloge_enable:DIVENA|74390:inst3|3'
Slack : 0.221
TNS   : 0.000

Type  : Fast 1200mV 0C Model Hold 'DivHorloge:inst3|74390:inst3|3'
Slack : 0.223
TNS   : 0.000

Type  : Fast 1200mV 0C Model Hold '74390:inst13|31'
Slack : 0.225
TNS   : 0.000

Type  : Fast 1200mV 0C Model Hold 'Alarme:inst45|DivHorloge_enable:DIVENA|74390:inst|3'
Slack : 0.235
TNS   : 0.000

Type  : Fast 1200mV 0C Model Hold 'DivHorloge:inst3|74390:inst|3'
Slack : 0.293
TNS   : 0.000

Type  : Fast 1200mV 0C Model Hold '74390:inst33|3'
Slack : 0.315
TNS   : 0.000

Type  : Fast 1200mV 0C Model Recovery 'D1'
Slack : 0.082
TNS   : 0.000

Type  : Fast 1200mV 0C Model Recovery 'D4'
Slack : 0.098
TNS   : 0.000

Type  : Fast 1200mV 0C Model Recovery 'D5'
Slack : 0.136
TNS   : 0.000

Type  : Fast 1200mV 0C Model Recovery 'D6'
Slack : 0.169
TNS   : 0.000

Type  : Fast 1200mV 0C Model Recovery 'D2'
Slack : 0.187
TNS   : 0.000

Type  : Fast 1200mV 0C Model Recovery 'D3'
Slack : 0.232
TNS   : 0.000

Type  : Fast 1200mV 0C Model Recovery 'D7'
Slack : 0.316
TNS   : 0.000

Type  : Fast 1200mV 0C Model Removal 'D7'
Slack : 0.311
TNS   : 0.000

Type  : Fast 1200mV 0C Model Removal 'D3'
Slack : 0.397
TNS   : 0.000

Type  : Fast 1200mV 0C Model Removal 'D2'
Slack : 0.419
TNS   : 0.000

Type  : Fast 1200mV 0C Model Removal 'D6'
Slack : 0.447
TNS   : 0.000

Type  : Fast 1200mV 0C Model Removal 'D1'
Slack : 0.465
TNS   : 0.000

Type  : Fast 1200mV 0C Model Removal 'D5'
Slack : 0.504
TNS   : 0.000

Type  : Fast 1200mV 0C Model Removal 'D4'
Slack : 0.537
TNS   : 0.000

Type  : Fast 1200mV 0C Model Minimum Pulse Width 'Clock'
Slack : -3.000
TNS   : -198.029

Type  : Fast 1200mV 0C Model Minimum Pulse Width 'D1'
Slack : -3.000
TNS   : -4.305

Type  : Fast 1200mV 0C Model Minimum Pulse Width 'D7'
Slack : -3.000
TNS   : -4.253

Type  : Fast 1200mV 0C Model Minimum Pulse Width 'D6'
Slack : -3.000
TNS   : -4.207

Type  : Fast 1200mV 0C Model Minimum Pulse Width 'D2'
Slack : -3.000
TNS   : -4.193

Type  : Fast 1200mV 0C Model Minimum Pulse Width 'D3'
Slack : -3.000
TNS   : -4.193

Type  : Fast 1200mV 0C Model Minimum Pulse Width 'D4'
Slack : -3.000
TNS   : -4.189

Type  : Fast 1200mV 0C Model Minimum Pulse Width 'D5'
Slack : -3.000
TNS   : -4.178

Type  : Fast 1200mV 0C Model Minimum Pulse Width 'DivHorloge:inst3|7490:inst10|19'
Slack : -1.000
TNS   : -8.000

Type  : Fast 1200mV 0C Model Minimum Pulse Width '74390:inst33|34'
Slack : -1.000
TNS   : -3.000

Type  : Fast 1200mV 0C Model Minimum Pulse Width '7490:inst37|19'
Slack : -1.000
TNS   : -3.000

Type  : Fast 1200mV 0C Model Minimum Pulse Width 'Alarme:inst45|DivHorloge_enable:DIVENA|74390:inst5|34'
Slack : -1.000
TNS   : -3.000

Type  : Fast 1200mV 0C Model Minimum Pulse Width 'Alarme:inst45|DivHorloge_enable:DIVENA|7490:inst8|7'
Slack : -1.000
TNS   : -3.000

Type  : Fast 1200mV 0C Model Minimum Pulse Width 'DivHorloge:inst3|74390:inst5|34'
Slack : -1.000
TNS   : -3.000

Type  : Fast 1200mV 0C Model Minimum Pulse Width 'DivHorloge:inst3|7490:inst8|7'
Slack : -1.000
TNS   : -3.000

Type  : Fast 1200mV 0C Model Minimum Pulse Width '74390:inst13|3'
Slack : -1.000
TNS   : -2.000

Type  : Fast 1200mV 0C Model Minimum Pulse Width '74390:inst13|31'
Slack : -1.000
TNS   : -2.000

Type  : Fast 1200mV 0C Model Minimum Pulse Width '74390:inst13|34'
Slack : -1.000
TNS   : -2.000

Type  : Fast 1200mV 0C Model Minimum Pulse Width '74390:inst13|7'
Slack : -1.000
TNS   : -2.000

Type  : Fast 1200mV 0C Model Minimum Pulse Width '74390:inst32|3'
Slack : -1.000
TNS   : -2.000

Type  : Fast 1200mV 0C Model Minimum Pulse Width '74390:inst32|31'
Slack : -1.000
TNS   : -2.000

Type  : Fast 1200mV 0C Model Minimum Pulse Width '74390:inst32|34'
Slack : -1.000
TNS   : -2.000

Type  : Fast 1200mV 0C Model Minimum Pulse Width '74390:inst32|7'
Slack : -1.000
TNS   : -2.000

Type  : Fast 1200mV 0C Model Minimum Pulse Width '74390:inst33|3'
Slack : -1.000
TNS   : -2.000

Type  : Fast 1200mV 0C Model Minimum Pulse Width '74390:inst33|31'
Slack : -1.000
TNS   : -2.000

Type  : Fast 1200mV 0C Model Minimum Pulse Width '74390:inst33|7'
Slack : -1.000
TNS   : -2.000

Type  : Fast 1200mV 0C Model Minimum Pulse Width '7490:inst35|19'
Slack : -1.000
TNS   : -2.000

Type  : Fast 1200mV 0C Model Minimum Pulse Width 'Alarme:inst45|DivHorloge_enable:DIVENA|74390:inst3|3'
Slack : -1.000
TNS   : -2.000

Type  : Fast 1200mV 0C Model Minimum Pulse Width 'Alarme:inst45|DivHorloge_enable:DIVENA|74390:inst3|31'
Slack : -1.000
TNS   : -2.000

Type  : Fast 1200mV 0C Model Minimum Pulse Width 'Alarme:inst45|DivHorloge_enable:DIVENA|74390:inst3|34'
Slack : -1.000
TNS   : -2.000

Type  : Fast 1200mV 0C Model Minimum Pulse Width 'Alarme:inst45|DivHorloge_enable:DIVENA|74390:inst3|7'
Slack : -1.000
TNS   : -2.000

Type  : Fast 1200mV 0C Model Minimum Pulse Width 'Alarme:inst45|DivHorloge_enable:DIVENA|74390:inst5|3'
Slack : -1.000
TNS   : -2.000

Type  : Fast 1200mV 0C Model Minimum Pulse Width 'Alarme:inst45|DivHorloge_enable:DIVENA|74390:inst5|31'
Slack : -1.000
TNS   : -2.000

Type  : Fast 1200mV 0C Model Minimum Pulse Width 'Alarme:inst45|DivHorloge_enable:DIVENA|74390:inst5|7'
Slack : -1.000
TNS   : -2.000

Type  : Fast 1200mV 0C Model Minimum Pulse Width 'Alarme:inst45|DivHorloge_enable:DIVENA|74390:inst|3'
Slack : -1.000
TNS   : -2.000

Type  : Fast 1200mV 0C Model Minimum Pulse Width 'Alarme:inst45|DivHorloge_enable:DIVENA|74390:inst|31'
Slack : -1.000
TNS   : -2.000

Type  : Fast 1200mV 0C Model Minimum Pulse Width 'Alarme:inst45|DivHorloge_enable:DIVENA|74390:inst|34'
Slack : -1.000
TNS   : -2.000

Type  : Fast 1200mV 0C Model Minimum Pulse Width 'Alarme:inst45|DivHorloge_enable:DIVENA|74390:inst|7'
Slack : -1.000
TNS   : -2.000

Type  : Fast 1200mV 0C Model Minimum Pulse Width 'DivHorloge:inst3|74390:inst3|3'
Slack : -1.000
TNS   : -2.000

Type  : Fast 1200mV 0C Model Minimum Pulse Width 'DivHorloge:inst3|74390:inst3|31'
Slack : -1.000
TNS   : -2.000

Type  : Fast 1200mV 0C Model Minimum Pulse Width 'DivHorloge:inst3|74390:inst3|34'
Slack : -1.000
TNS   : -2.000

Type  : Fast 1200mV 0C Model Minimum Pulse Width 'DivHorloge:inst3|74390:inst3|7'
Slack : -1.000
TNS   : -2.000

Type  : Fast 1200mV 0C Model Minimum Pulse Width 'DivHorloge:inst3|74390:inst5|3'
Slack : -1.000
TNS   : -2.000

Type  : Fast 1200mV 0C Model Minimum Pulse Width 'DivHorloge:inst3|74390:inst5|31'
Slack : -1.000
TNS   : -2.000

Type  : Fast 1200mV 0C Model Minimum Pulse Width 'DivHorloge:inst3|74390:inst5|7'
Slack : -1.000
TNS   : -2.000

Type  : Fast 1200mV 0C Model Minimum Pulse Width 'DivHorloge:inst3|74390:inst|3'
Slack : -1.000
TNS   : -2.000

Type  : Fast 1200mV 0C Model Minimum Pulse Width 'DivHorloge:inst3|74390:inst|31'
Slack : -1.000
TNS   : -2.000

Type  : Fast 1200mV 0C Model Minimum Pulse Width 'DivHorloge:inst3|74390:inst|34'
Slack : -1.000
TNS   : -2.000

Type  : Fast 1200mV 0C Model Minimum Pulse Width 'DivHorloge:inst3|74390:inst|7'
Slack : -1.000
TNS   : -2.000

Type  : Fast 1200mV 0C Model Minimum Pulse Width '74390:inst13|33'
Slack : -1.000
TNS   : -1.000

Type  : Fast 1200mV 0C Model Minimum Pulse Width '74390:inst13|6'
Slack : -1.000
TNS   : -1.000

Type  : Fast 1200mV 0C Model Minimum Pulse Width '74390:inst32|33'
Slack : -1.000
TNS   : -1.000

Type  : Fast 1200mV 0C Model Minimum Pulse Width '74390:inst32|6'
Slack : -1.000
TNS   : -1.000

Type  : Fast 1200mV 0C Model Minimum Pulse Width '74390:inst33|33'
Slack : -1.000
TNS   : -1.000

Type  : Fast 1200mV 0C Model Minimum Pulse Width '74390:inst33|6'
Slack : -1.000
TNS   : -1.000

Type  : Fast 1200mV 0C Model Minimum Pulse Width 'Alarme:inst45|DivHorloge_enable:DIVENA|74390:inst3|33'
Slack : -1.000
TNS   : -1.000

Type  : Fast 1200mV 0C Model Minimum Pulse Width 'Alarme:inst45|DivHorloge_enable:DIVENA|74390:inst3|6'
Slack : -1.000
TNS   : -1.000

Type  : Fast 1200mV 0C Model Minimum Pulse Width 'Alarme:inst45|DivHorloge_enable:DIVENA|74390:inst5|33'
Slack : -1.000
TNS   : -1.000

Type  : Fast 1200mV 0C Model Minimum Pulse Width 'Alarme:inst45|DivHorloge_enable:DIVENA|74390:inst5|6'
Slack : -1.000
TNS   : -1.000

Type  : Fast 1200mV 0C Model Minimum Pulse Width 'Alarme:inst45|DivHorloge_enable:DIVENA|74390:inst|33'
Slack : -1.000
TNS   : -1.000

Type  : Fast 1200mV 0C Model Minimum Pulse Width 'Alarme:inst45|DivHorloge_enable:DIVENA|74390:inst|6'
Slack : -1.000
TNS   : -1.000

Type  : Fast 1200mV 0C Model Minimum Pulse Width 'Alarme:inst45|DivHorloge_enable:DIVENA|7490:inst8|19'
Slack : -1.000
TNS   : -1.000

Type  : Fast 1200mV 0C Model Minimum Pulse Width 'DivHorloge:inst3|74390:inst3|33'
Slack : -1.000
TNS   : -1.000

Type  : Fast 1200mV 0C Model Minimum Pulse Width 'DivHorloge:inst3|74390:inst3|6'
Slack : -1.000
TNS   : -1.000

Type  : Fast 1200mV 0C Model Minimum Pulse Width 'DivHorloge:inst3|74390:inst5|33'
Slack : -1.000
TNS   : -1.000

Type  : Fast 1200mV 0C Model Minimum Pulse Width 'DivHorloge:inst3|74390:inst5|6'
Slack : -1.000
TNS   : -1.000

Type  : Fast 1200mV 0C Model Minimum Pulse Width 'DivHorloge:inst3|74390:inst|33'
Slack : -1.000
TNS   : -1.000

Type  : Fast 1200mV 0C Model Minimum Pulse Width 'DivHorloge:inst3|74390:inst|6'
Slack : -1.000
TNS   : -1.000

Type  : Fast 1200mV 0C Model Minimum Pulse Width 'DivHorloge:inst3|7490:inst8|19'
Slack : -1.000
TNS   : -1.000

------------------------------------------------------------
